Archive member included because of file (symbol)

startup/libea_startup_thumb.a(consol.o)
                              main.o (simplePrintf)
startup/libea_startup_thumb.a(framework.o)
                              main.o (eaInit)
startup/libea_startup_thumb.a(startup.o)
                              (_startup)
irq_code/irqUart.a(irqUart.o)
                              uart.o (uart1ISR)
gcc_files/libm.a(s_cos.o)     pong.o (cos)
gcc_files/libm.a(s_floor.o)   pong.o (floor)
gcc_files/libm.a(s_sin.o)     pong.o (sin)
gcc_files/libm.a(w_sqrt.o)    pong.o (sqrt)
gcc_files/libm.a(e_rem_pio2.o)
                              gcc_files/libm.a(s_cos.o) (__ieee754_rem_pio2)
gcc_files/libm.a(e_sqrt.o)    gcc_files/libm.a(w_sqrt.o) (__ieee754_sqrt)
gcc_files/libm.a(k_cos.o)     gcc_files/libm.a(s_cos.o) (__kernel_cos)
gcc_files/libm.a(k_rem_pio2.o)
                              gcc_files/libm.a(e_rem_pio2.o) (__kernel_rem_pio2)
gcc_files/libm.a(k_sin.o)     gcc_files/libm.a(s_cos.o) (__kernel_sin)
gcc_files/libm.a(s_fabs.o)    gcc_files/libm.a(e_rem_pio2.o) (fabs)
gcc_files/libm.a(s_isnan.o)   gcc_files/libm.a(w_sqrt.o) (isnan)
gcc_files/libm.a(s_lib_ver.o)
                              gcc_files/libm.a(w_sqrt.o) (__fdlib_version)
gcc_files/libm.a(s_matherr.o)
                              gcc_files/libm.a(w_sqrt.o) (matherr)
gcc_files/libm.a(s_scalbn.o)  gcc_files/libm.a(k_rem_pio2.o) (scalbn)
gcc_files/libm.a(s_copysign.o)
                              gcc_files/libm.a(s_scalbn.o) (copysign)
pre_emptive_os/pre_emptive_os.a(kernel.o)
                              main.o (osInit)
pre_emptive_os/pre_emptive_os.a(prioqueue.o)
                              pre_emptive_os/pre_emptive_os.a(kernel.o) (initPrioQueue)
pre_emptive_os/pre_emptive_os.a(count_sem.o)
                              uart.o (osSemInit)
pre_emptive_os/pre_emptive_os.a(timer.o)
                              pre_emptive_os/pre_emptive_os.a(kernel.o) (timerTick)
pre_emptive_os/pre_emptive_os.a(stack_usage.o)
                              pre_emptive_os/pre_emptive_os.a(kernel.o) (createStackPattern)
pre_emptive_os/pre_emptive_os.a(a7hal.o)
                              pre_emptive_os/pre_emptive_os.a(kernel.o) (stkFrameInit_oshal)
pre_emptive_os/pre_emptive_os.a(a7hal_a.o)
                              pre_emptive_os/pre_emptive_os.a(kernel.o) (startHighProc_oshal)
pre_emptive_os/pre_emptive_os.a(event.o)
                              pre_emptive_os/pre_emptive_os.a(count_sem.o) (eventInit)
c:/sysgcc/arm-elf/bin/../lib/gcc/arm-elf/4.6.3\libgcc.a(_thumb1_case_uqi.o)
                              main.o (__gnu_thumb1_case_uqi)
c:/sysgcc/arm-elf/bin/../lib/gcc/arm-elf/4.6.3\libgcc.a(_thumb1_case_uhi.o)
                              startupDisplay.o (__gnu_thumb1_case_uhi)
c:/sysgcc/arm-elf/bin/../lib/gcc/arm-elf/4.6.3\libgcc.a(_udivsi3.o)
                              bt.o (__udivsi3)
c:/sysgcc/arm-elf/bin/../lib/gcc/arm-elf/4.6.3\libgcc.a(_divsi3.o)
                              snake.o (__divsi3)
c:/sysgcc/arm-elf/bin/../lib/gcc/arm-elf/4.6.3\libgcc.a(_umodsi3.o)
                              bt.o (__umodsi3)
c:/sysgcc/arm-elf/bin/../lib/gcc/arm-elf/4.6.3\libgcc.a(_modsi3.o)
                              tic-tac-toe.o (__modsi3)
c:/sysgcc/arm-elf/bin/../lib/gcc/arm-elf/4.6.3\libgcc.a(_dvmd_tls.o)
                              c:/sysgcc/arm-elf/bin/../lib/gcc/arm-elf/4.6.3\libgcc.a(_udivsi3.o) (__div0)
c:/sysgcc/arm-elf/bin/../lib/gcc/arm-elf/4.6.3\libgcc.a(_call_via_rX.o)
                              pre_emptive_os/pre_emptive_os.a(timer.o) (_call_via_r4)
c:/sysgcc/arm-elf/bin/../lib/gcc/arm-elf/4.6.3\libgcc.a(_arm_addsubdf3.o)
                              pong.o (__subdf3)
c:/sysgcc/arm-elf/bin/../lib/gcc/arm-elf/4.6.3\libgcc.a(_arm_muldivdf3.o)
                              pong.o (__muldf3)
c:/sysgcc/arm-elf/bin/../lib/gcc/arm-elf/4.6.3\libgcc.a(_arm_cmpdf2.o)
                              pong.o (__gtdf2)
c:/sysgcc/arm-elf/bin/../lib/gcc/arm-elf/4.6.3\libgcc.a(_arm_fixdfsi.o)
                              gcc_files/libm.a(e_rem_pio2.o) (__fixdfsi)
c:/sysgcc/arm-elf/bin/../lib/gcc/arm-elf/4.6.3\libgcc.a(_arm_fixunsdfsi.o)
                              pong.o (__fixunsdfsi)
c:/sysgcc/arm-elf/bin/../lib/gcc/arm-elf/4.6.3/../../../../arm-elf/lib\libc.a(lib_a-atoi.o)
                              startup/libea_startup_thumb.a(consol.o) (atoi)
c:/sysgcc/arm-elf/bin/../lib/gcc/arm-elf/4.6.3/../../../../arm-elf/lib\libc.a(lib_a-errno.o)
                              gcc_files/libm.a(w_sqrt.o) (__errno)
c:/sysgcc/arm-elf/bin/../lib/gcc/arm-elf/4.6.3/../../../../arm-elf/lib\libc.a(lib_a-impure.o)
                              c:/sysgcc/arm-elf/bin/../lib/gcc/arm-elf/4.6.3/../../../../arm-elf/lib\libc.a(lib_a-errno.o) (_impure_ptr)
c:/sysgcc/arm-elf/bin/../lib/gcc/arm-elf/4.6.3/../../../../arm-elf/lib\libc.a(lib_a-memcmp.o)
                              bt.o (memcmp)
[...]
Memory Configuration

Name             Origin             Length             Attributes
FLASH            0x00000000         0x00020000         xr
RAM              0x40000000         0x00004000         rw
*default*        0x00000000         0xffffffff

Linker script and memory map

LOAD main.o
LOAD lcd.o
LOAD startupDisplay.o
LOAD key.o
LOAD select.o
LOAD tic-tac-toe.o
LOAD uart.o
LOAD bt.o
LOAD snake.o
LOAD exampleGame.o
LOAD pong.o
LOAD eeprom.o
LOAD i2c.o
LOAD hw.o
LOAD react.o
LOAD startup/libea_startup_thumb.a
LOAD irq_code/irqUart.a
LOAD gcc_files/libm.a
LOAD pre_emptive_os/pre_emptive_os.a
START GROUP
LOAD c:/sysgcc/arm-elf/bin/../lib/gcc/arm-elf/4.6.3\libgcc.a
LOAD c:/sysgcc/arm-elf/bin/../lib/gcc/arm-elf/4.6.3/../../../../arm-elf/lib\libc.a
END GROUP

.text           0x00000000     0xa798
 *startup.o(.text)
 .text          0x00000000      0x1d8 startup/libea_startup_thumb.a(startup.o)
                0x00000000                _startup
 *(.text)
 .text          0x000001d8      0x2bc main.o
                0x00000484                appTick
 .text          0x00000494      0x584 lcd.o
                0x00000494                lcdColor
                0x000004a0                lcdWrcmd
                0x000004b0                lcdWrdata
                0x000004c0                lcdData
                0x00000570                lcdPutchar
                0x000005c4                lcdPuts
                0x00000628                lcdWindow
                0x00000658                lcdGotoxy
                0x00000678                lcdIcon
                0x00000716                lcdRectBrd
                0x000007c4                lcdRect
                0x00000820                lcdLine
                0x000008a2                lcdContrast
                0x000008c6                lcdClrscr
                0x0000090c                lcdOff
                0x00000928                lcdInit
 .text          0x00000a18      0xa6c startupDisplay.o
                0x00000a18                displayStartupSequence
 .text          0x00001484      0x1c4 key.o
                0x00001484                checkKey
                0x00001494                checkKey2
                0x000014a0                sampleKey
                0x0000160a                initKeyProc
 .text          0x00001648      0x164 select.o
                0x000016b4                drawMenu
 .text          0x000017ac      0x4a8 tic-tac-toe.o
                0x00001874                init_matrix
                0x00001950                get_computer_move
                0x000019d4                disp_matrix
                0x00001a1c                check
                0x00001a7c                playTicTacToe
 .text          0x00001c54      0x230 uart.o
                0x00001c54                initUart1
                0x00001d30                uart1SendChar
                0x00001d9c                uart1SendCh
                0x00001db8                uart1SendString
                0x00001dd0                uart1SendChars
                0x00001dee                uart1GetChar
                0x00001e44                uart1GetCh
                0x00001e5c                uart1GetChSem
 .text          0x00001e84     0x107c bt.o
                0x00002212                initBtProc
                0x0000225c                handleBt
                0x00002eb8                blockBtProc
                0x00002ed0                activateBtProc
 .text          0x00002f00      0x508 snake.o
                0x000031dc                playSnake
 .text          0x00003408      0x4e8 exampleGame.o
                0x0000378c                playExample
 .text          0x000038f0     0x15fc pong.o
                0x00003de4                playPong
 .text          0x00004eec      0x326 eeprom.o
                0x00004eec                eepromPoll
                0x00004f42                eepromStartRead
                0x00004fd2                eepromPageRead
                0x0000504e                eepromWrite
                0x000050ba                lm75Read
                0x00005136                pca9532
 *fill*         0x00005212        0x2 00000000
 .text          0x00005214      0x370 i2c.o
                0x00005214                getI2cLock
                0x0000522c                releaseI2cLock
                0x00005244                i2cCheckStatus
                0x0000525c                i2cInit
                0x000052bc                i2cStart
                0x00005300                i2cRepeatStart
                0x00005340                i2cStop
                0x00005364                i2cPutChar
                0x00005390                i2cGetChar
                0x000053e4                i2cWrite
                0x0000546a                i2cWaitTransmit
                0x0000548a                i2cWriteWithWait
                0x000054b0                i2cMyWrite
                0x000054fc                i2cRead
 .text          0x00005584      0x3c8 hw.o
                0x00005584                immediateIoInit
                0x00005630                resetLCD
                0x00005698                resetBT
                0x00005704                setBuzzer
                0x00005724                setLED
                0x000057bc                getKeys
                0x0000584c                selectLCD
                0x0000587c                sendToLCD
                0x000058f4                initSpiForLcd
 .text          0x0000594c      0x5f8 react.o
                0x0000594c                readScoreFromEeprom
                0x000059d0                saveScoreToEeprom
                0x000059f0                randomMove
                0x00005a2c                showRandomArrow
                0x00005b2c                useBuzzer
                0x00005b58                showScore
                0x00005c3c                playReactGame
 .text          0x00005f44      0x618 startup/libea_startup_thumb.a(consol.o)
                0x00005f44                consolInit
                0x00005f94                consolSendChar
                0x00005fb8                consolSendCh
                0x00006050                consolSendString
                0x00006074                consolSendNumber
                0x00006190                simplePrintf
                0x0000630c                consolGetCh
                0x00006330                consolGetChar
                0x00006354                consolGetString
                0x000063b4                consolGetIntNum
                0x00006494                consolScanf
 .text          0x0000655c      0x2b4 startup/libea_startup_thumb.a(framework.o)
                0x00006694                exceptionHandlerInit
                0x0000670c                lowLevelInit
                0x000067b8                eaInit
 .text          0x00006810      0x280 irq_code/irqUart.a(irqUart.o)
                0x00006810                uart1ISR
                0x00006a68                disIrq
                0x00006a88                restoreIrq
 .text          0x00006a90       0xb4 gcc_files/libm.a(s_cos.o)
                0x00006a90                cos
 .text          0x00006b44      0x144 gcc_files/libm.a(s_floor.o)
                0x00006b44                floor
 .text          0x00006c88       0xbc gcc_files/libm.a(s_sin.o)
                0x00006c88                sin
 .text          0x00006d44       0xc8 gcc_files/libm.a(w_sqrt.o)
                0x00006d44                sqrt
 .text          0x00006e0c      0x4a0 gcc_files/libm.a(e_rem_pio2.o)
                0x00006e0c                __ieee754_rem_pio2
 .text          0x000072ac      0x1e8 gcc_files/libm.a(e_sqrt.o)
                0x000072ac                __ieee754_sqrt
 .text          0x00007494      0x1e8 gcc_files/libm.a(k_cos.o)
                0x00007494                __kernel_cos
 .text          0x0000767c      0x7ec gcc_files/libm.a(k_rem_pio2.o)
                0x0000767c                __kernel_rem_pio2
 .text          0x00007e68      0x15c gcc_files/libm.a(k_sin.o)
                0x00007e68                __kernel_sin
 .text          0x00007fc4       0x20 gcc_files/libm.a(s_fabs.o)
                0x00007fc4                fabs
 .text          0x00007fe4       0x28 gcc_files/libm.a(s_isnan.o)
                0x00007fe4                isnan
 .text          0x0000800c        0x0 gcc_files/libm.a(s_lib_ver.o)
 .text          0x0000800c        0x4 gcc_files/libm.a(s_matherr.o)
                0x0000800c                matherr
 .text          0x00008010      0x120 gcc_files/libm.a(s_scalbn.o)
                0x00008010                scalbn
 .text          0x00008130       0x1c gcc_files/libm.a(s_copysign.o)
                0x00008130                copysign
 .text          0x0000814c      0x4f8 pre_emptive_os/pre_emptive_os.a(kernel.o)
                0x0000814c                osPid
                0x00008198                addToTimeList
                0x000081fc                osInit
                0x00008228                osISREnter
                0x0000824c                osCreateProcess
                0x000082e8                osGetHighPrioProc
                0x00008304                schedule
                0x00008370                osISRExit
                0x000083d8                osStart
                0x00008404                rmvFromTimeList
                0x00008448                addToRdyList
                0x0000845c                osResume
                0x000084c8                osTick
                0x00008524                osStartProcess
                0x0000858c                rmvFromRdyList
                0x000085a8                osSuspend
                0x000085dc                osDeleteProcess
                0x0000860c                osSleep
 .text          0x00008644      0x124 pre_emptive_os/pre_emptive_os.a(prioqueue.o)
                0x00008644                initPrioQueue
                0x00008664                addToPrioQueue
                0x000086ac                rmvFromPrioQueue
                0x00008710                getHighPrioQueue
                0x00008748                isEmptyPrioQueue
 .text          0x00008768      0x144 pre_emptive_os/pre_emptive_os.a(count_sem.o)
                0x00008768                osSemInit
                0x0000877c                osSemTake
                0x00008808                osSemGive
                0x0000886c                osSemTryTake
 .text          0x000088ac      0x218 pre_emptive_os/pre_emptive_os.a(timer.o)
                0x000088ac                timerTick
                0x00008990                osCreateTimer
                0x000089bc                osDeleteTimer
                0x00008a20                osInitTimers
 .text          0x00008ac4       0xa4 pre_emptive_os/pre_emptive_os.a(stack_usage.o)
                0x00008ac4                osStackUsage
                0x00008b08                createStackPattern
                0x00008b28                checkStackLimit
 .text          0x00008b68      0x1ec pre_emptive_os/pre_emptive_os.a(a7hal.o)
                0x00008b68                timerIsr_oshal
                0x00008ba0                stkFrameInit_oshal
                0x00008c50                halDisableInterrupts_oshal
                0x00008c70                halEnableInterrupts_oshal
                0x00008c80                halRestoreInterrupts_oshal
                0x00008c88                initTimer_oshal
                0x00008d20                handleIRQs_oshal
 .text          0x00008d54       0xc4 pre_emptive_os/pre_emptive_os.a(a7hal_a.o)
                0x00008d60                startHighProc_oshal
                0x00008d68                ctxSwitch_oshal
                0x00008d88                ctxSwitchIsr_oshal
                0x00008da8                generalIRQ_oshal
 .text          0x00008e18       0xd8 pre_emptive_os/pre_emptive_os.a(event.o)
                0x00008e18                eventInit
                0x00008e28                eventWait
                0x00008e60                eventWaitReturn
                0x00008e90                eventIsEmpty
                0x00008ea0                eventSignal
 .text          0x00008ef0       0x14 c:/sysgcc/arm-elf/bin/../lib/gcc/arm-elf/4.6.3\libgcc.a(_thumb1_case_uqi.o)
                0x00008ef0                __gnu_thumb1_case_uqi
 .text          0x00008f04       0x14 c:/sysgcc/arm-elf/bin/../lib/gcc/arm-elf/4.6.3\libgcc.a(_thumb1_case_uhi.o)
                0x00008f04                __gnu_thumb1_case_uhi
 .text          0x00008f18      0x118 c:/sysgcc/arm-elf/bin/../lib/gcc/arm-elf/4.6.3\libgcc.a(_udivsi3.o)
                0x00008f18                __aeabi_uidiv
                0x00008f18                __udivsi3
                0x00009010                __aeabi_uidivmod
 .text          0x00009030      0x148 c:/sysgcc/arm-elf/bin/../lib/gcc/arm-elf/4.6.3\libgcc.a(_divsi3.o)
                0x00009030                __divsi3
                0x00009030                __aeabi_idiv
                0x00009158                __aeabi_idivmod
 .text          0x00009178       0xcc c:/sysgcc/arm-elf/bin/../lib/gcc/arm-elf/4.6.3\libgcc.a(_umodsi3.o)
                0x00009178                __umodsi3
 .text          0x00009244       0xe4 c:/sysgcc/arm-elf/bin/../lib/gcc/arm-elf/4.6.3\libgcc.a(_modsi3.o)
                0x00009244                __modsi3
 .text          0x00009328        0x4 c:/sysgcc/arm-elf/bin/../lib/gcc/arm-elf/4.6.3\libgcc.a(_dvmd_tls.o)
                0x00009328                __div0
 .text          0x0000932c       0x3c c:/sysgcc/arm-elf/bin/../lib/gcc/arm-elf/4.6.3\libgcc.a(_call_via_rX.o)
                0x0000932c                _call_via_r0
                0x00009330                _call_via_r1
                0x00009334                _call_via_r2
                0x00009338                _call_via_r3
                0x0000933c                _call_via_r4
                0x00009340                _call_via_r5
                0x00009344                _call_via_r6
                0x00009348                _call_via_r7
                0x0000934c                _call_via_r8
                0x00009350                _call_via_r9
                0x00009354                _call_via_sl
                0x00009358                _call_via_fp
                0x0000935c                _call_via_ip
                0x00009360                _call_via_sp
                0x00009364                _call_via_lr
 .text          0x00009368      0x400 c:/sysgcc/arm-elf/bin/../lib/gcc/arm-elf/4.6.3\libgcc.a(_arm_addsubdf3.o)
                0x00009368                __aeabi_drsub
                0x00009370                __aeabi_dsub
                0x00009370                __subdf3
                0x00009374                __aeabi_dadd
                0x00009374                __adddf3
                0x00009654                __floatunsidf
                0x00009654                __aeabi_ui2d
                0x0000967c                __floatsidf
                0x0000967c                __aeabi_i2d
                0x000096a8                __aeabi_f2d
                0x000096a8                __extendsfdf2
                0x000096e8                __floatundidf
                0x000096e8                __aeabi_ul2d
                0x000096fc                __floatdidf
                0x000096fc                __aeabi_l2d
 .text          0x00009768      0x470 c:/sysgcc/arm-elf/bin/../lib/gcc/arm-elf/4.6.3\libgcc.a(_arm_muldivdf3.o)
                0x00009768                __aeabi_dmul
                0x00009768                __muldf3
                0x000099d4                __divdf3
                0x000099d4                __aeabi_ddiv
 .text          0x00009bd8      0x12c c:/sysgcc/arm-elf/bin/../lib/gcc/arm-elf/4.6.3\libgcc.a(_arm_cmpdf2.o)
                0x00009bd8                __gtdf2
                0x00009bd8                __gedf2
                0x00009be0                __ltdf2
                0x00009be0                __ledf2
                0x00009be8                __nedf2
                0x00009be8                __eqdf2
                0x00009be8                __cmpdf2
                0x00009c70                __aeabi_cdrcmple
                0x00009c8c                __aeabi_cdcmpeq
                0x00009c8c                __aeabi_cdcmple
                0x00009ca0                __aeabi_dcmpeq
                0x00009cb4                __aeabi_dcmplt
                0x00009cc8                __aeabi_dcmple
                0x00009cdc                __aeabi_dcmpge
                0x00009cf0                __aeabi_dcmpgt
 .text          0x00009d04       0x5c c:/sysgcc/arm-elf/bin/../lib/gcc/arm-elf/4.6.3\libgcc.a(_arm_fixdfsi.o)
                0x00009d04                __aeabi_d2iz
                0x00009d04                __fixdfsi
 .text          0x00009d60       0x54 c:/sysgcc/arm-elf/bin/../lib/gcc/arm-elf/4.6.3\libgcc.a(_arm_fixunsdfsi.o)
                0x00009d60                __aeabi_d2uiz
                0x00009d60                __fixunsdfsi
 .text          0x00009db4       0x18 c:/sysgcc/arm-elf/bin/../lib/gcc/arm-elf/4.6.3/../../../../arm-elf/lib\libc.a(lib_a-atoi.o)
                0x00009db4                atoi
                0x00009dc0                _atoi_r
 .text          0x00009dcc       0x10 c:/sysgcc/arm-elf/bin/../lib/gcc/arm-elf/4.6.3/../../../../arm-elf/lib\libc.a(lib_a-errno.o)
                0x00009dcc                __errno
 .text          0x00009ddc        0x0 c:/sysgcc/arm-elf/bin/../lib/gcc/arm-elf/4.6.3/../../../../arm-elf/lib\libc.a(lib_a-impure.o)
 .text          0x00009ddc       0xb4 c:/sysgcc/arm-elf/bin/../lib/gcc/arm-elf/4.6.3/../../../../arm-elf/lib\libc.a(lib_a-memcmp.o)
                0x00009ddc                memcmp
 .text          0x00009e90       0xd8 c:/sysgcc/arm-elf/bin/../lib/gcc/arm-elf/4.6.3/../../../../arm-elf/lib\libc.a(lib_a-memcpy-stub.o)
                0x00009e90                memcpy
 .text          0x00009f68       0x78 c:/sysgcc/arm-elf/bin/../lib/gcc/arm-elf/4.6.3/../../../../arm-elf/lib\libc.a(lib_a-rand.o)
                0x00009f68                srand
                0x00009f84                rand
 .text          0x00009fe0      0x1d4 c:/sysgcc/arm-elf/bin/../lib/gcc/arm-elf/4.6.3/../../../../arm-elf/lib\libc.a(lib_a-strchr.o)
                0x00009fe0                strchr
 .text          0x0000a1b4       0xf0 c:/sysgcc/arm-elf/bin/../lib/gcc/arm-elf/4.6.3/../../../../arm-elf/lib\libc.a(lib_a-strcpy.o)
                0x0000a1b4                strcpy
 .text          0x0000a2a4       0x60 c:/sysgcc/arm-elf/bin/../lib/gcc/arm-elf/4.6.3/../../../../arm-elf/lib\libc.a(lib_a-strlen.o)
                0x0000a2a4                strlen
 .text          0x0000a304      0x140 c:/sysgcc/arm-elf/bin/../lib/gcc/arm-elf/4.6.3/../../../../arm-elf/lib\libc.a(lib_a-strncmp.o)
                0x0000a304                strncmp
 .text          0x0000a444      0x200 c:/sysgcc/arm-elf/bin/../lib/gcc/arm-elf/4.6.3/../../../../arm-elf/lib\libc.a(lib_a-strtol.o)
                0x0000a444                _strtol_r
                0x0000a618                strtol
 .text          0x0000a644        0x0 c:/sysgcc/arm-elf/bin/../lib/gcc/arm-elf/4.6.3/../../../../arm-elf/lib\libc.a(lib_a-ctype_.o)
 *(.glue_7)
 .glue_7        0x0000a644       0x24 linker stubs
                0x0000a644                __osSemGive_from_arm
                0x0000a650                __osTick_from_arm
                0x0000a65c                __osISRExit_from_arm
 .glue_7.stub   0x0000a668      0x130 linker stubs
 *(.glue_7t)
 .glue_7t       0x00000000        0x0 linker stubs

.vfp11_veneer   0x0000a798        0x0
 .vfp11_veneer  0x00000000        0x0 linker stubs

.v4_bx          0x0000a798        0x0
 .v4_bx         0x00000000        0x0 linker stubs

.text.startup   0x0000a798       0x4c
 .text.startup  0x0000a798       0x4c main.o
                0x0000a798                main

.iplt           0x0000a7e4        0x0
 .iplt          0x00000000        0x0 main.o
                0x0000a7e4                . = ALIGN (0x4)

.rodata         0x0000a7e4     0x5e2c
 *(.rodata)
 .rodata        0x0000a7e4      0x55c lcd.o
                0x0000a7e4                charMap
 .rodata        0x0000ad40     0x47c1 startupDisplay.o
                0x0000ad40                _fun_0_130x90c
                0x0000bf4c                _fun_1_130x90c
                0x0000d1a3                _ea_97x60c
                0x0000d8ff                _future_128x39c
                0x0000e43b                _philips_122x25c
                0x0000ede7                _segger_85x40c
 .rodata        0x0000f501      0x3cc tic-tac-toe.o
                0x0000f501                _o
                0x0000f6f0                _x
 *fill*         0x0000f8cd        0x3 00
 .rodata        0x0000f8d0       0x4c exampleGame.o
 .rodata        0x0000f91c       0x10 pong.o
 .rodata        0x0000f92c        0x9 hw.o
 .rodata        0x0000f935       0x10 startup/libea_startup_thumb.a(consol.o)
 *fill*         0x0000f945        0x3 00
 .rodata        0x0000f948      0x188 gcc_files/libm.a(e_rem_pio2.o)
 .rodata        0x0000fad0       0x50 gcc_files/libm.a(k_rem_pio2.o)
 .rodata        0x0000fb20        0x4 gcc_files/libm.a(s_lib_ver.o)
                0x0000fb20                __fdlib_version
 .rodata        0x0000fb24        0x4 c:/sysgcc/arm-elf/bin/../lib/gcc/arm-elf/4.6.3/../../../../arm-elf/lib\libc.a(lib_a-impure.o)
                0x0000fb24                _global_impure_ptr
 .rodata        0x0000fb28      0x104 c:/sysgcc/arm-elf/bin/../lib/gcc/arm-elf/4.6.3/../../../../arm-elf/lib\libc.a(lib_a-ctype_.o)
                0x0000fb28                _ctype_
 *(.rodata*)
 .rodata.str1.1
                0x0000fc2c      0x376 main.o
                                0x37b (size before relaxing)
 .rodata.str1.1
                0x0000ffa2       0x62 tic-tac-toe.o
                                 0x6d (size before relaxing)
 .rodata.str1.1
                0x00010004      0x2a9 bt.o
                                0x2c5 (size before relaxing)
 .rodata.str1.1
                0x000102ad       0x14 snake.o
                                 0x27 (size before relaxing)
 .rodata.str1.1
                0x000102c1       0x1c exampleGame.o
                                 0x3d (size before relaxing)
 .rodata.str1.1
                0x000102dd      0x14c pong.o
                                0x1f8 (size before relaxing)
 .rodata.str1.1
                0x00010429       0xf8 react.o
 .rodata.str1.1
                0x00010521       0x15 startup/libea_startup_thumb.a(consol.o)
 .rodata.str1.1
                0x00010536       0xcc startup/libea_startup_thumb.a(framework.o)
 *fill*         0x00010602        0x2 00
 .rodata.str1.4
                0x00010604        0x5 gcc_files/libm.a(w_sqrt.o)
                                  0x8 (size before relaxing)
 *fill*         0x00010609        0x3 00
 .rodata.str1.4
                0x0001060c        0x4 c:/sysgcc/arm-elf/bin/../lib/gcc/arm-elf/4.6.3/../../../../arm-elf/lib\libc.a(lib_a-impure.o)

.rel.dyn        0x00010610        0x0
 .rel.iplt      0x00000000        0x0 main.o
                0x00010610                . = ALIGN (0x4)
                0x00010610                _etext = .
                0x00010610                PROVIDE (etext, .)

.data           0x40000080      0x5c4 load address 0x00010610
                0x40000080                _data = .
 *(.data)
 .data          0x40000080        0x1 main.o
 .data          0x40000081        0x0 lcd.o
 .data          0x40000081        0x0 startupDisplay.o
 .data          0x40000081        0x5 key.o
 .data          0x40000086        0x0 select.o
 .data          0x40000086        0x0 tic-tac-toe.o
 .data          0x40000086        0x0 uart.o
 .data          0x40000086        0x0 bt.o
 .data          0x40000086        0x1 snake.o
 .data          0x40000087      0x130 exampleGame.o
                0x40000087                figures
 *fill*         0x400001b7        0x1 00
 .data          0x400001b8       0x60 pong.o
 .data          0x40000218        0x0 eeprom.o
 .data          0x40000218        0x0 i2c.o
 .data          0x40000218        0x0 hw.o
 .data          0x40000218        0x0 react.o
 .data          0x40000218        0x0 startup/libea_startup_thumb.a(consol.o)
 .data          0x40000218        0x0 startup/libea_startup_thumb.a(framework.o)
 .data          0x40000218        0x0 startup/libea_startup_thumb.a(startup.o)
 .data          0x40000218        0x0 irq_code/irqUart.a(irqUart.o)
 .data          0x40000218        0x0 gcc_files/libm.a(s_cos.o)
 .data          0x40000218        0x0 gcc_files/libm.a(s_floor.o)
 .data          0x40000218        0x0 gcc_files/libm.a(s_sin.o)
 .data          0x40000218        0x0 gcc_files/libm.a(w_sqrt.o)
 .data          0x40000218        0x0 gcc_files/libm.a(e_rem_pio2.o)
 .data          0x40000218        0x0 gcc_files/libm.a(e_sqrt.o)
 .data          0x40000218        0x0 gcc_files/libm.a(k_cos.o)
 .data          0x40000218        0x0 gcc_files/libm.a(k_rem_pio2.o)
 .data          0x40000218        0x0 gcc_files/libm.a(k_sin.o)
 .data          0x40000218        0x0 gcc_files/libm.a(s_fabs.o)
 .data          0x40000218        0x0 gcc_files/libm.a(s_isnan.o)
 .data          0x40000218        0x0 gcc_files/libm.a(s_lib_ver.o)
 .data          0x40000218        0x0 gcc_files/libm.a(s_matherr.o)
 .data          0x40000218        0x0 gcc_files/libm.a(s_scalbn.o)
 .data          0x40000218        0x0 gcc_files/libm.a(s_copysign.o)
 .data          0x40000218        0x0 pre_emptive_os/pre_emptive_os.a(kernel.o)
 .data          0x40000218        0x0 pre_emptive_os/pre_emptive_os.a(prioqueue.o)
 .data          0x40000218        0x0 pre_emptive_os/pre_emptive_os.a(count_sem.o)
 .data          0x40000218        0x0 pre_emptive_os/pre_emptive_os.a(timer.o)
 .data          0x40000218        0x0 pre_emptive_os/pre_emptive_os.a(stack_usage.o)
 .data          0x40000218        0x0 pre_emptive_os/pre_emptive_os.a(a7hal.o)
 .data          0x40000218        0x0 pre_emptive_os/pre_emptive_os.a(a7hal_a.o)
 .data          0x40000218        0x0 pre_emptive_os/pre_emptive_os.a(event.o)
 .data          0x40000218        0x0 c:/sysgcc/arm-elf/bin/../lib/gcc/arm-elf/4.6.3\libgcc.a(_thumb1_case_uqi.o)
 .data          0x40000218        0x0 c:/sysgcc/arm-elf/bin/../lib/gcc/arm-elf/4.6.3\libgcc.a(_thumb1_case_uhi.o)
 .data          0x40000218        0x0 c:/sysgcc/arm-elf/bin/../lib/gcc/arm-elf/4.6.3\libgcc.a(_udivsi3.o)
 .data          0x40000218        0x0 c:/sysgcc/arm-elf/bin/../lib/gcc/arm-elf/4.6.3\libgcc.a(_divsi3.o)
 .data          0x40000218        0x0 c:/sysgcc/arm-elf/bin/../lib/gcc/arm-elf/4.6.3\libgcc.a(_umodsi3.o)
 .data          0x40000218        0x0 c:/sysgcc/arm-elf/bin/../lib/gcc/arm-elf/4.6.3\libgcc.a(_modsi3.o)
 .data          0x40000218        0x0 c:/sysgcc/arm-elf/bin/../lib/gcc/arm-elf/4.6.3\libgcc.a(_dvmd_tls.o)
 .data          0x40000218        0x0 c:/sysgcc/arm-elf/bin/../lib/gcc/arm-elf/4.6.3\libgcc.a(_call_via_rX.o)
 .data          0x40000218        0x0 c:/sysgcc/arm-elf/bin/../lib/gcc/arm-elf/4.6.3\libgcc.a(_arm_addsubdf3.o)
 .data          0x40000218        0x0 c:/sysgcc/arm-elf/bin/../lib/gcc/arm-elf/4.6.3\libgcc.a(_arm_muldivdf3.o)
 .data          0x40000218        0x0 c:/sysgcc/arm-elf/bin/../lib/gcc/arm-elf/4.6.3\libgcc.a(_arm_cmpdf2.o)
 .data          0x40000218        0x0 c:/sysgcc/arm-elf/bin/../lib/gcc/arm-elf/4.6.3\libgcc.a(_arm_fixdfsi.o)
 .data          0x40000218        0x0 c:/sysgcc/arm-elf/bin/../lib/gcc/arm-elf/4.6.3\libgcc.a(_arm_fixunsdfsi.o)
 .data          0x40000218        0x0 c:/sysgcc/arm-elf/bin/../lib/gcc/arm-elf/4.6.3/../../../../arm-elf/lib\libc.a(lib_a-atoi.o)
 .data          0x40000218        0x0 c:/sysgcc/arm-elf/bin/../lib/gcc/arm-elf/4.6.3/../../../../arm-elf/lib\libc.a(lib_a-errno.o)
 .data          0x40000218      0x428 c:/sysgcc/arm-elf/bin/../lib/gcc/arm-elf/4.6.3/../../../../arm-elf/lib\libc.a(lib_a-impure.o)
                0x40000218                _impure_ptr
 .data          0x40000640        0x0 c:/sysgcc/arm-elf/bin/../lib/gcc/arm-elf/4.6.3/../../../../arm-elf/lib\libc.a(lib_a-memcmp.o)
 .data          0x40000640        0x0 c:/sysgcc/arm-elf/bin/../lib/gcc/arm-elf/4.6.3/../../../../arm-elf/lib\libc.a(lib_a-memcpy-stub.o)
 .data          0x40000640        0x0 c:/sysgcc/arm-elf/bin/../lib/gcc/arm-elf/4.6.3/../../../../arm-elf/lib\libc.a(lib_a-rand.o)
 .data          0x40000640        0x0 c:/sysgcc/arm-elf/bin/../lib/gcc/arm-elf/4.6.3/../../../../arm-elf/lib\libc.a(lib_a-strchr.o)
 .data          0x40000640        0x0 c:/sysgcc/arm-elf/bin/../lib/gcc/arm-elf/4.6.3/../../../../arm-elf/lib\libc.a(lib_a-strcpy.o)
 .data          0x40000640        0x0 c:/sysgcc/arm-elf/bin/../lib/gcc/arm-elf/4.6.3/../../../../arm-elf/lib\libc.a(lib_a-strlen.o)
 .data          0x40000640        0x0 c:/sysgcc/arm-elf/bin/../lib/gcc/arm-elf/4.6.3/../../../../arm-elf/lib\libc.a(lib_a-strncmp.o)
 .data          0x40000640        0x0 c:/sysgcc/arm-elf/bin/../lib/gcc/arm-elf/4.6.3/../../../../arm-elf/lib\libc.a(lib_a-strtol.o)
 .data          0x40000640        0x4 c:/sysgcc/arm-elf/bin/../lib/gcc/arm-elf/4.6.3/../../../../arm-elf/lib\libc.a(lib_a-ctype_.o)
                0x40000640                __ctype_ptr__

.igot.plt       0x40000644        0x0 load address 0x00010bd4
 .igot.plt      0x00000000        0x0 main.o
                0x40000644                . = ALIGN (0x4)
                0x40000644                _edata = .
                0x40000644                PROVIDE (edata, .)

.bss            0x40000644     0x1dcc load address 0x00010bd4
                0x40000644                _bss = .
                0x40000644                __bss_start = .
                0x40000644                __bss_start__ = .
 *(.bss)
 .bss           0x40000644      0x57a main.o
 .bss           0x40000bbe        0x5 lcd.o
 .bss           0x40000bc3        0x0 startupDisplay.o
 .bss           0x40000bc3      0x134 key.o
 *fill*         0x40000cf7        0x1 00
 .bss           0x40000cf8       0x34 select.o
 .bss           0x40000d2c        0x4 tic-tac-toe.o
 .bss           0x40000d30       0x18 uart.o
                0x40000d30                uart1TxHead
                0x40000d34                uart1TxTail
                0x40000d38                uart1TxRunning
                0x40000d3c                uart1RxHead
                0x40000d40                uart1RxTail
                0x40000d44                uart1RxInBuff
 .bss           0x40000d48      0x404 bt.o
 .bss           0x4000114c      0x288 snake.o
 .bss           0x400013d4      0x29c exampleGame.o
 .bss           0x40001670       0xd4 pong.o
 .bss           0x40001744        0x0 eeprom.o
 .bss           0x40001744       0x1c i2c.o
 .bss           0x40001760        0x2 hw.o
 *fill*         0x40001762        0x2 00
 .bss           0x40001764        0xc react.o
 .bss           0x40001770        0x0 startup/libea_startup_thumb.a(consol.o)
 .bss           0x40001770        0x0 startup/libea_startup_thumb.a(framework.o)
 .bss           0x40001770        0x0 startup/libea_startup_thumb.a(startup.o)
 .bss           0x40001770        0x0 irq_code/irqUart.a(irqUart.o)
 .bss           0x40001770        0x0 gcc_files/libm.a(s_cos.o)
 .bss           0x40001770        0x0 gcc_files/libm.a(s_floor.o)
 .bss           0x40001770        0x0 gcc_files/libm.a(s_sin.o)
 .bss           0x40001770        0x0 gcc_files/libm.a(w_sqrt.o)
 .bss           0x40001770        0x0 gcc_files/libm.a(e_rem_pio2.o)
 .bss           0x40001770        0x0 gcc_files/libm.a(e_sqrt.o)
 .bss           0x40001770        0x0 gcc_files/libm.a(k_cos.o)
 .bss           0x40001770        0x0 gcc_files/libm.a(k_rem_pio2.o)
 .bss           0x40001770        0x0 gcc_files/libm.a(k_sin.o)
 .bss           0x40001770        0x0 gcc_files/libm.a(s_fabs.o)
 .bss           0x40001770        0x0 gcc_files/libm.a(s_isnan.o)
 .bss           0x40001770        0x0 gcc_files/libm.a(s_lib_ver.o)
 .bss           0x40001770        0x0 gcc_files/libm.a(s_matherr.o)
 .bss           0x40001770        0x0 gcc_files/libm.a(s_scalbn.o)
 .bss           0x40001770        0x0 gcc_files/libm.a(s_copysign.o)
 .bss           0x40001770       0x2c pre_emptive_os/pre_emptive_os.a(kernel.o)
                0x40001770                osLockNesting
                0x40001771                isrNesting
                0x40001774                pNxtToRun
                0x40001778                pRunProc
 .bss           0x4000179c        0x0 pre_emptive_os/pre_emptive_os.a(prioqueue.o)
 .bss           0x4000179c        0x0 pre_emptive_os/pre_emptive_os.a(count_sem.o)
 .bss           0x4000179c      0x348 pre_emptive_os/pre_emptive_os.a(timer.o)
 .bss           0x40001ae4        0x0 pre_emptive_os/pre_emptive_os.a(stack_usage.o)
 .bss           0x40001ae4        0x0 pre_emptive_os/pre_emptive_os.a(a7hal.o)
 .bss           0x40001ae4        0x0 pre_emptive_os/pre_emptive_os.a(a7hal_a.o)
 .bss           0x40001ae4        0x0 pre_emptive_os/pre_emptive_os.a(event.o)
 .bss           0x40001ae4        0x0 c:/sysgcc/arm-elf/bin/../lib/gcc/arm-elf/4.6.3\libgcc.a(_thumb1_case_uqi.o)
 .bss           0x40001ae4        0x0 c:/sysgcc/arm-elf/bin/../lib/gcc/arm-elf/4.6.3\libgcc.a(_thumb1_case_uhi.o)
 .bss           0x40001ae4        0x0 c:/sysgcc/arm-elf/bin/../lib/gcc/arm-elf/4.6.3\libgcc.a(_udivsi3.o)
 .bss           0x40001ae4        0x0 c:/sysgcc/arm-elf/bin/../lib/gcc/arm-elf/4.6.3\libgcc.a(_divsi3.o)
 .bss           0x40001ae4        0x0 c:/sysgcc/arm-elf/bin/../lib/gcc/arm-elf/4.6.3\libgcc.a(_umodsi3.o)
 .bss           0x40001ae4        0x0 c:/sysgcc/arm-elf/bin/../lib/gcc/arm-elf/4.6.3\libgcc.a(_modsi3.o)
 .bss           0x40001ae4        0x0 c:/sysgcc/arm-elf/bin/../lib/gcc/arm-elf/4.6.3\libgcc.a(_dvmd_tls.o)
 .bss           0x40001ae4        0x0 c:/sysgcc/arm-elf/bin/../lib/gcc/arm-elf/4.6.3\libgcc.a(_call_via_rX.o)
 .bss           0x40001ae4        0x0 c:/sysgcc/arm-elf/bin/../lib/gcc/arm-elf/4.6.3\libgcc.a(_arm_addsubdf3.o)
 .bss           0x40001ae4        0x0 c:/sysgcc/arm-elf/bin/../lib/gcc/arm-elf/4.6.3\libgcc.a(_arm_muldivdf3.o)
 .bss           0x40001ae4        0x0 c:/sysgcc/arm-elf/bin/../lib/gcc/arm-elf/4.6.3\libgcc.a(_arm_cmpdf2.o)
 .bss           0x40001ae4        0x0 c:/sysgcc/arm-elf/bin/../lib/gcc/arm-elf/4.6.3\libgcc.a(_arm_fixdfsi.o)
 .bss           0x40001ae4        0x0 c:/sysgcc/arm-elf/bin/../lib/gcc/arm-elf/4.6.3\libgcc.a(_arm_fixunsdfsi.o)
 .bss           0x40001ae4        0x0 c:/sysgcc/arm-elf/bin/../lib/gcc/arm-elf/4.6.3/../../../../arm-elf/lib\libc.a(lib_a-atoi.o)
 .bss           0x40001ae4        0x0 c:/sysgcc/arm-elf/bin/../lib/gcc/arm-elf/4.6.3/../../../../arm-elf/lib\libc.a(lib_a-errno.o)
 .bss           0x40001ae4        0x0 c:/sysgcc/arm-elf/bin/../lib/gcc/arm-elf/4.6.3/../../../../arm-elf/lib\libc.a(lib_a-impure.o)
 .bss           0x40001ae4        0x0 c:/sysgcc/arm-elf/bin/../lib/gcc/arm-elf/4.6.3/../../../../arm-elf/lib\libc.a(lib_a-memcmp.o)
 .bss           0x40001ae4        0x0 c:/sysgcc/arm-elf/bin/../lib/gcc/arm-elf/4.6.3/../../../../arm-elf/lib\libc.a(lib_a-memcpy-stub.o)
 .bss           0x40001ae4        0x0 c:/sysgcc/arm-elf/bin/../lib/gcc/arm-elf/4.6.3/../../../../arm-elf/lib\libc.a(lib_a-rand.o)
 .bss           0x40001ae4        0x0 c:/sysgcc/arm-elf/bin/../lib/gcc/arm-elf/4.6.3/../../../../arm-elf/lib\libc.a(lib_a-strchr.o)
 .bss           0x40001ae4        0x0 c:/sysgcc/arm-elf/bin/../lib/gcc/arm-elf/4.6.3/../../../../arm-elf/lib\libc.a(lib_a-strcpy.o)
 .bss           0x40001ae4        0x0 c:/sysgcc/arm-elf/bin/../lib/gcc/arm-elf/4.6.3/../../../../arm-elf/lib\libc.a(lib_a-strlen.o)
 .bss           0x40001ae4        0x0 c:/sysgcc/arm-elf/bin/../lib/gcc/arm-elf/4.6.3/../../../../arm-elf/lib\libc.a(lib_a-strncmp.o)
 .bss           0x40001ae4        0x0 c:/sysgcc/arm-elf/bin/../lib/gcc/arm-elf/4.6.3/../../../../arm-elf/lib\libc.a(lib_a-strtol.o)
 .bss           0x40001ae4        0x0 c:/sysgcc/arm-elf/bin/../lib/gcc/arm-elf/4.6.3/../../../../arm-elf/lib\libc.a(lib_a-ctype_.o)
 *(COMMON)
 COMMON         0x40001ae4        0x4 main.o
                0x40001ae4                ms
 COMMON         0x40001ae8       0x10 tic-tac-toe.o
                0x40001ae8                matrix
 COMMON         0x40001af8      0x51c uart.o
                0x40001af8                uart1RxBuf
                0x40001ef8                receiveSem
                0x40001f14                uart1TxBuf
 COMMON         0x40002014      0x320 snake.o
                0x40002014                snake
 COMMON         0x40002334        0x2 hw.o
                0x40002334                ver1_1
                0x40002335                ver1_0
 *fill*         0x40002336        0x2 00
 COMMON         0x40002338        0x8 react.o
                0x40002338                finish
                0x4000233c                arrow
 COMMON         0x40002340        0x8 startup/libea_startup_thumb.a(framework.o)
                0x40002340                pHeapEnd
                0x40002344                pHeapStart
 COMMON         0x40002348       0xc8 pre_emptive_os/pre_emptive_os.a(kernel.o)
                0x40002348                processControlBlocks
                0x40002410                . = ALIGN (0x4)
                0x40002410                . = ALIGN (0x4)
                0x40002410                __bss_end = .
                0x40002410                __bss_end__ = .
                0x40002410                _end = .
                0x40002410                PROVIDE (end, .)

.stab           0x00000000      0x600
 *(.stab)
 .stab          0x00000000      0x3c0 startup/libea_startup_thumb.a(startup.o)
 .stab          0x000003c0      0x240 pre_emptive_os/pre_emptive_os.a(a7hal_a.o)
                                0x24c (size before relaxing)

.stabstr        0x00000000       0x92
 *(.stabstr)
 .stabstr       0x00000000       0x92 startup/libea_startup_thumb.a(startup.o)

.stab.excl
 *(.stab.excl)

.stab.exclstr
 *(.stab.exclstr)

.stab.index
 *(.stab.index)

.stab.indexstr
 *(.stab.indexstr)

.comment        0x00000000      0x19d
 *(.comment)
 .comment       0x00000000       0x11 main.o
                                 0x12 (size before relaxing)
 .comment       0x00000000       0x12 lcd.o
 .comment       0x00000000       0x12 startupDisplay.o
 .comment       0x00000000       0x12 key.o
 .comment       0x00000000       0x12 select.o
 .comment       0x00000000       0x12 tic-tac-toe.o
 .comment       0x00000000       0x12 uart.o
 .comment       0x00000000       0x12 bt.o
 .comment       0x00000000       0x12 snake.o
 .comment       0x00000000       0x12 exampleGame.o
 .comment       0x00000000       0x12 pong.o
 .comment       0x00000000       0x12 eeprom.o
 .comment       0x00000000       0x12 i2c.o
 .comment       0x00000000       0x12 hw.o
 .comment       0x00000000       0x12 react.o
 .comment       0x00000000       0x12 startup/libea_startup_thumb.a(consol.o)
 .comment       0x00000000       0x12 startup/libea_startup_thumb.a(framework.o)
 .comment       0x00000000       0x12 irq_code/irqUart.a(irqUart.o)
 .comment       0x00000011       0x12 gcc_files/libm.a(s_cos.o)
 .comment       0x00000023       0x12 gcc_files/libm.a(s_floor.o)
 .comment       0x00000035       0x12 gcc_files/libm.a(s_sin.o)
 .comment       0x00000047       0x12 gcc_files/libm.a(w_sqrt.o)
 .comment       0x00000059       0x12 gcc_files/libm.a(e_rem_pio2.o)
 .comment       0x0000006b       0x12 gcc_files/libm.a(e_sqrt.o)
 .comment       0x0000007d       0x12 gcc_files/libm.a(k_cos.o)
 .comment       0x0000008f       0x12 gcc_files/libm.a(k_rem_pio2.o)
 .comment       0x000000a1       0x12 gcc_files/libm.a(k_sin.o)
 .comment       0x000000b3       0x12 gcc_files/libm.a(s_fabs.o)
 .comment       0x000000c5       0x12 gcc_files/libm.a(s_isnan.o)
 .comment       0x000000d7       0x12 gcc_files/libm.a(s_lib_ver.o)
 .comment       0x000000e9       0x12 gcc_files/libm.a(s_matherr.o)
 .comment       0x000000fb       0x12 gcc_files/libm.a(s_scalbn.o)
 .comment       0x0000010d       0x12 gcc_files/libm.a(s_copysign.o)
 .comment       0x0000011f       0x12 pre_emptive_os/pre_emptive_os.a(kernel.o)
 .comment       0x00000131       0x12 pre_emptive_os/pre_emptive_os.a(prioqueue.o)
 .comment       0x00000143       0x12 pre_emptive_os/pre_emptive_os.a(count_sem.o)
 .comment       0x00000155       0x12 pre_emptive_os/pre_emptive_os.a(timer.o)
 .comment       0x00000167       0x12 pre_emptive_os/pre_emptive_os.a(stack_usage.o)
 .comment       0x00000179       0x12 pre_emptive_os/pre_emptive_os.a(a7hal.o)
 .comment       0x0000018b       0x12 pre_emptive_os/pre_emptive_os.a(event.o)
 .comment       0x00000000       0x12 c:/sysgcc/arm-elf/bin/../lib/gcc/arm-elf/4.6.3/../../../../arm-elf/lib\libc.a(lib_a-atoi.o)
 .comment       0x00000000       0x12 c:/sysgcc/arm-elf/bin/../lib/gcc/arm-elf/4.6.3/../../../../arm-elf/lib\libc.a(lib_a-errno.o)
 .comment       0x00000000       0x12 c:/sysgcc/arm-elf/bin/../lib/gcc/arm-elf/4.6.3/../../../../arm-elf/lib\libc.a(lib_a-impure.o)
 .comment       0x00000000       0x12 c:/sysgcc/arm-elf/bin/../lib/gcc/arm-elf/4.6.3/../../../../arm-elf/lib\libc.a(lib_a-memcmp.o)
 .comment       0x00000000       0x12 c:/sysgcc/arm-elf/bin/../lib/gcc/arm-elf/4.6.3/../../../../arm-elf/lib\libc.a(lib_a-memcpy-stub.o)
 .comment       0x00000000       0x12 c:/sysgcc/arm-elf/bin/../lib/gcc/arm-elf/4.6.3/../../../../arm-elf/lib\libc.a(lib_a-rand.o)
 .comment       0x00000000       0x12 c:/sysgcc/arm-elf/bin/../lib/gcc/arm-elf/4.6.3/../../../../arm-elf/lib\libc.a(lib_a-strchr.o)
 .comment       0x00000000       0x12 c:/sysgcc/arm-elf/bin/../lib/gcc/arm-elf/4.6.3/../../../../arm-elf/lib\libc.a(lib_a-strcpy.o)
 .comment       0x00000000       0x12 c:/sysgcc/arm-elf/bin/../lib/gcc/arm-elf/4.6.3/../../../../arm-elf/lib\libc.a(lib_a-strlen.o)
 .comment       0x00000000       0x12 c:/sysgcc/arm-elf/bin/../lib/gcc/arm-elf/4.6.3/../../../../arm-elf/lib\libc.a(lib_a-strncmp.o)
 .comment       0x00000000       0x12 c:/sysgcc/arm-elf/bin/../lib/gcc/arm-elf/4.6.3/../../../../arm-elf/lib\libc.a(lib_a-strtol.o)
 .comment       0x00000000       0x12 c:/sysgcc/arm-elf/bin/../lib/gcc/arm-elf/4.6.3/../../../../arm-elf/lib\libc.a(lib_a-ctype_.o)

.ARM.attributes
                0x00000000       0x10
 .ARM.attributes
                0x00000000       0x10 main.o
 .ARM.attributes
                0x00000010       0x10 lcd.o
 .ARM.attributes
                0x00000020       0x10 startupDisplay.o
 .ARM.attributes
                0x00000030       0x10 key.o
 .ARM.attributes
                0x00000040       0x10 select.o
 .ARM.attributes
                0x00000050       0x10 tic-tac-toe.o
 .ARM.attributes
                0x00000060       0x10 uart.o
 .ARM.attributes
                0x00000070       0x10 bt.o
 .ARM.attributes
                0x00000080       0x10 snake.o
 .ARM.attributes
                0x00000090       0x10 exampleGame.o
 .ARM.attributes
                0x000000a0       0x10 pong.o
 .ARM.attributes
                0x000000b0       0x10 eeprom.o
 .ARM.attributes
                0x000000c0       0x10 i2c.o
 .ARM.attributes
                0x000000d0       0x10 hw.o
 .ARM.attributes
                0x000000e0       0x10 react.o
 .ARM.attributes
                0x000000f0       0x10 startup/libea_startup_thumb.a(consol.o)
 .ARM.attributes
                0x00000100       0x10 startup/libea_startup_thumb.a(framework.o)
 .ARM.attributes
                0x00000110       0x10 startup/libea_startup_thumb.a(startup.o)
 .ARM.attributes
                0x00000120       0x10 irq_code/irqUart.a(irqUart.o)
 .ARM.attributes
                0x00000130       0x10 c:/sysgcc/arm-elf/bin/../lib/gcc/arm-elf/4.6.3\libgcc.a(_thumb1_case_uqi.o)
 .ARM.attributes
                0x00000140       0x10 c:/sysgcc/arm-elf/bin/../lib/gcc/arm-elf/4.6.3\libgcc.a(_thumb1_case_uhi.o)
 .ARM.attributes
                0x00000150       0x10 c:/sysgcc/arm-elf/bin/../lib/gcc/arm-elf/4.6.3\libgcc.a(_udivsi3.o)
 .ARM.attributes
                0x00000160       0x10 c:/sysgcc/arm-elf/bin/../lib/gcc/arm-elf/4.6.3\libgcc.a(_divsi3.o)
 .ARM.attributes
                0x00000170       0x10 c:/sysgcc/arm-elf/bin/../lib/gcc/arm-elf/4.6.3\libgcc.a(_umodsi3.o)
 .ARM.attributes
                0x00000180       0x10 c:/sysgcc/arm-elf/bin/../lib/gcc/arm-elf/4.6.3\libgcc.a(_modsi3.o)
 .ARM.attributes
                0x00000190       0x10 c:/sysgcc/arm-elf/bin/../lib/gcc/arm-elf/4.6.3\libgcc.a(_dvmd_tls.o)
 .ARM.attributes
                0x000001a0       0x10 c:/sysgcc/arm-elf/bin/../lib/gcc/arm-elf/4.6.3\libgcc.a(_call_via_rX.o)
 .ARM.attributes
                0x000001b0       0x10 c:/sysgcc/arm-elf/bin/../lib/gcc/arm-elf/4.6.3\libgcc.a(_arm_addsubdf3.o)
 .ARM.attributes
                0x000001c0       0x10 c:/sysgcc/arm-elf/bin/../lib/gcc/arm-elf/4.6.3\libgcc.a(_arm_muldivdf3.o)
 .ARM.attributes
                0x000001d0       0x10 c:/sysgcc/arm-elf/bin/../lib/gcc/arm-elf/4.6.3\libgcc.a(_arm_cmpdf2.o)
 .ARM.attributes
                0x000001e0       0x10 c:/sysgcc/arm-elf/bin/../lib/gcc/arm-elf/4.6.3\libgcc.a(_arm_fixdfsi.o)
 .ARM.attributes
                0x000001f0       0x10 c:/sysgcc/arm-elf/bin/../lib/gcc/arm-elf/4.6.3\libgcc.a(_arm_fixunsdfsi.o)
 .ARM.attributes
                0x00000200       0x10 c:/sysgcc/arm-elf/bin/../lib/gcc/arm-elf/4.6.3/../../../../arm-elf/lib\libc.a(lib_a-atoi.o)
 .ARM.attributes
                0x00000210       0x10 c:/sysgcc/arm-elf/bin/../lib/gcc/arm-elf/4.6.3/../../../../arm-elf/lib\libc.a(lib_a-errno.o)
 .ARM.attributes
                0x00000220       0x10 c:/sysgcc/arm-elf/bin/../lib/gcc/arm-elf/4.6.3/../../../../arm-elf/lib\libc.a(lib_a-impure.o)
 .ARM.attributes
                0x00000230       0x10 c:/sysgcc/arm-elf/bin/../lib/gcc/arm-elf/4.6.3/../../../../arm-elf/lib\libc.a(lib_a-memcmp.o)
 .ARM.attributes
                0x00000240       0x10 c:/sysgcc/arm-elf/bin/../lib/gcc/arm-elf/4.6.3/../../../../arm-elf/lib\libc.a(lib_a-memcpy-stub.o)
 .ARM.attributes
                0x00000250       0x10 c:/sysgcc/arm-elf/bin/../lib/gcc/arm-elf/4.6.3/../../../../arm-elf/lib\libc.a(lib_a-rand.o)
 .ARM.attributes
                0x00000260       0x10 c:/sysgcc/arm-elf/bin/../lib/gcc/arm-elf/4.6.3/../../../../arm-elf/lib\libc.a(lib_a-strchr.o)
 .ARM.attributes
                0x00000270       0x10 c:/sysgcc/arm-elf/bin/../lib/gcc/arm-elf/4.6.3/../../../../arm-elf/lib\libc.a(lib_a-strcpy.o)
 .ARM.attributes
                0x00000280       0x10 c:/sysgcc/arm-elf/bin/../lib/gcc/arm-elf/4.6.3/../../../../arm-elf/lib\libc.a(lib_a-strlen.o)
 .ARM.attributes
                0x00000290       0x10 c:/sysgcc/arm-elf/bin/../lib/gcc/arm-elf/4.6.3/../../../../arm-elf/lib\libc.a(lib_a-strncmp.o)
 .ARM.attributes
                0x000002a0       0x10 c:/sysgcc/arm-elf/bin/../lib/gcc/arm-elf/4.6.3/../../../../arm-elf/lib\libc.a(lib_a-strtol.o)
 .ARM.attributes
                0x000002b0       0x10 c:/sysgcc/arm-elf/bin/../lib/gcc/arm-elf/4.6.3/../../../../arm-elf/lib\libc.a(lib_a-ctype_.o)

.debug
 *(.debug)

.line
 *(.line)

.debug_srcinfo
 *(.debug_srcinfo)

.debug_sfnames
 *(.debug_sfnames)

.debug_aranges  0x00000000      0x7c8
 *(.debug_aranges)
 .debug_aranges
                0x00000000       0x28 main.o
 .debug_aranges
                0x00000028       0x20 lcd.o
 .debug_aranges
                0x00000048       0x20 startupDisplay.o
 .debug_aranges
                0x00000068       0x20 key.o
 .debug_aranges
                0x00000088       0x20 select.o
 .debug_aranges
                0x000000a8       0x20 tic-tac-toe.o
 .debug_aranges
                0x000000c8       0x20 uart.o
 .debug_aranges
                0x000000e8       0x20 bt.o
 .debug_aranges
                0x00000108       0x20 snake.o
 .debug_aranges
                0x00000128       0x20 exampleGame.o
 .debug_aranges
                0x00000148       0x20 pong.o
 .debug_aranges
                0x00000168       0x20 eeprom.o
 .debug_aranges
                0x00000188       0x20 i2c.o
 .debug_aranges
                0x000001a8       0x20 hw.o
 .debug_aranges
                0x000001c8       0x20 react.o
 .debug_aranges
                0x000001e8       0x20 startup/libea_startup_thumb.a(consol.o)
 .debug_aranges
                0x00000208       0x20 startup/libea_startup_thumb.a(framework.o)
 .debug_aranges
                0x00000228       0x20 irq_code/irqUart.a(irqUart.o)
 .debug_aranges
                0x00000248       0x20 gcc_files/libm.a(s_cos.o)
 .debug_aranges
                0x00000268       0x20 gcc_files/libm.a(s_floor.o)
 .debug_aranges
                0x00000288       0x20 gcc_files/libm.a(s_sin.o)
 .debug_aranges
                0x000002a8       0x20 gcc_files/libm.a(w_sqrt.o)
 .debug_aranges
                0x000002c8       0x20 gcc_files/libm.a(e_rem_pio2.o)
 .debug_aranges
                0x000002e8       0x20 gcc_files/libm.a(e_sqrt.o)
 .debug_aranges
                0x00000308       0x20 gcc_files/libm.a(k_cos.o)
 .debug_aranges
                0x00000328       0x20 gcc_files/libm.a(k_rem_pio2.o)
 .debug_aranges
                0x00000348       0x20 gcc_files/libm.a(k_sin.o)
 .debug_aranges
                0x00000368       0x20 gcc_files/libm.a(s_fabs.o)
 .debug_aranges
                0x00000388       0x20 gcc_files/libm.a(s_isnan.o)
 .debug_aranges
                0x000003a8       0x20 gcc_files/libm.a(s_matherr.o)
 .debug_aranges
                0x000003c8       0x20 gcc_files/libm.a(s_scalbn.o)
 .debug_aranges
                0x000003e8       0x20 gcc_files/libm.a(s_copysign.o)
 .debug_aranges
                0x00000408       0x20 pre_emptive_os/pre_emptive_os.a(kernel.o)
 .debug_aranges
                0x00000428       0x20 pre_emptive_os/pre_emptive_os.a(prioqueue.o)
 .debug_aranges
                0x00000448       0x20 pre_emptive_os/pre_emptive_os.a(count_sem.o)
 .debug_aranges
                0x00000468       0x20 pre_emptive_os/pre_emptive_os.a(timer.o)
 .debug_aranges
                0x00000488       0x20 pre_emptive_os/pre_emptive_os.a(stack_usage.o)
 .debug_aranges
                0x000004a8       0x20 pre_emptive_os/pre_emptive_os.a(a7hal.o)
 .debug_aranges
                0x000004c8       0x20 pre_emptive_os/pre_emptive_os.a(event.o)
 .debug_aranges
                0x000004e8       0x20 c:/sysgcc/arm-elf/bin/../lib/gcc/arm-elf/4.6.3\libgcc.a(_thumb1_case_uqi.o)
 .debug_aranges
                0x00000508       0x20 c:/sysgcc/arm-elf/bin/../lib/gcc/arm-elf/4.6.3\libgcc.a(_thumb1_case_uhi.o)
 .debug_aranges
                0x00000528       0x20 c:/sysgcc/arm-elf/bin/../lib/gcc/arm-elf/4.6.3\libgcc.a(_udivsi3.o)
 .debug_aranges
                0x00000548       0x20 c:/sysgcc/arm-elf/bin/../lib/gcc/arm-elf/4.6.3\libgcc.a(_divsi3.o)
 .debug_aranges
                0x00000568       0x20 c:/sysgcc/arm-elf/bin/../lib/gcc/arm-elf/4.6.3\libgcc.a(_umodsi3.o)
 .debug_aranges
                0x00000588       0x20 c:/sysgcc/arm-elf/bin/../lib/gcc/arm-elf/4.6.3\libgcc.a(_modsi3.o)
 .debug_aranges
                0x000005a8       0x20 c:/sysgcc/arm-elf/bin/../lib/gcc/arm-elf/4.6.3\libgcc.a(_dvmd_tls.o)
 .debug_aranges
                0x000005c8       0x20 c:/sysgcc/arm-elf/bin/../lib/gcc/arm-elf/4.6.3\libgcc.a(_call_via_rX.o)
 .debug_aranges
                0x000005e8       0x20 c:/sysgcc/arm-elf/bin/../lib/gcc/arm-elf/4.6.3\libgcc.a(_arm_addsubdf3.o)
 .debug_aranges
                0x00000608       0x20 c:/sysgcc/arm-elf/bin/../lib/gcc/arm-elf/4.6.3\libgcc.a(_arm_muldivdf3.o)
 .debug_aranges
                0x00000628       0x20 c:/sysgcc/arm-elf/bin/../lib/gcc/arm-elf/4.6.3\libgcc.a(_arm_cmpdf2.o)
 .debug_aranges
                0x00000648       0x20 c:/sysgcc/arm-elf/bin/../lib/gcc/arm-elf/4.6.3\libgcc.a(_arm_fixdfsi.o)
 .debug_aranges
                0x00000668       0x20 c:/sysgcc/arm-elf/bin/../lib/gcc/arm-elf/4.6.3\libgcc.a(_arm_fixunsdfsi.o)
 .debug_aranges
                0x00000688       0x20 c:/sysgcc/arm-elf/bin/../lib/gcc/arm-elf/4.6.3/../../../../arm-elf/lib\libc.a(lib_a-atoi.o)
 .debug_aranges
                0x000006a8       0x20 c:/sysgcc/arm-elf/bin/../lib/gcc/arm-elf/4.6.3/../../../../arm-elf/lib\libc.a(lib_a-errno.o)
 .debug_aranges
                0x000006c8       0x20 c:/sysgcc/arm-elf/bin/../lib/gcc/arm-elf/4.6.3/../../../../arm-elf/lib\libc.a(lib_a-memcmp.o)
 .debug_aranges
                0x000006e8       0x20 c:/sysgcc/arm-elf/bin/../lib/gcc/arm-elf/4.6.3/../../../../arm-elf/lib\libc.a(lib_a-memcpy-stub.o)
 .debug_aranges
                0x00000708       0x20 c:/sysgcc/arm-elf/bin/../lib/gcc/arm-elf/4.6.3/../../../../arm-elf/lib\libc.a(lib_a-rand.o)
 .debug_aranges
                0x00000728       0x20 c:/sysgcc/arm-elf/bin/../lib/gcc/arm-elf/4.6.3/../../../../arm-elf/lib\libc.a(lib_a-strchr.o)
 .debug_aranges
                0x00000748       0x20 c:/sysgcc/arm-elf/bin/../lib/gcc/arm-elf/4.6.3/../../../../arm-elf/lib\libc.a(lib_a-strcpy.o)
 .debug_aranges
                0x00000768       0x20 c:/sysgcc/arm-elf/bin/../lib/gcc/arm-elf/4.6.3/../../../../arm-elf/lib\libc.a(lib_a-strlen.o)
 .debug_aranges
                0x00000788       0x20 c:/sysgcc/arm-elf/bin/../lib/gcc/arm-elf/4.6.3/../../../../arm-elf/lib\libc.a(lib_a-strncmp.o)
 .debug_aranges
                0x000007a8       0x20 c:/sysgcc/arm-elf/bin/../lib/gcc/arm-elf/4.6.3/../../../../arm-elf/lib\libc.a(lib_a-strtol.o)

.debug_pubnames
                0x00000000      0x5e7
 *(.debug_pubnames)
 .debug_pubnames
                0x00000000       0x1a gcc_files/libm.a(s_cos.o)
 .debug_pubnames
                0x0000001a       0x1c gcc_files/libm.a(s_floor.o)
 .debug_pubnames
                0x00000036       0x1a gcc_files/libm.a(s_sin.o)
 .debug_pubnames
                0x00000050       0x1b gcc_files/libm.a(w_sqrt.o)
 .debug_pubnames
                0x0000006b       0x29 gcc_files/libm.a(e_rem_pio2.o)
 .debug_pubnames
                0x00000094       0x25 gcc_files/libm.a(e_sqrt.o)
 .debug_pubnames
                0x000000b9       0x23 gcc_files/libm.a(k_cos.o)
 .debug_pubnames
                0x000000dc       0x28 gcc_files/libm.a(k_rem_pio2.o)
 .debug_pubnames
                0x00000104       0x23 gcc_files/libm.a(k_sin.o)
 .debug_pubnames
                0x00000127       0x1b gcc_files/libm.a(s_fabs.o)
 .debug_pubnames
                0x00000142       0x1c gcc_files/libm.a(s_isnan.o)
 .debug_pubnames
                0x0000015e       0x26 gcc_files/libm.a(s_lib_ver.o)
 .debug_pubnames
                0x00000184       0x1e gcc_files/libm.a(s_matherr.o)
 .debug_pubnames
                0x000001a2       0x1d gcc_files/libm.a(s_scalbn.o)
 .debug_pubnames
                0x000001bf       0x1f gcc_files/libm.a(s_copysign.o)
 .debug_pubnames
                0x000001de      0x17f pre_emptive_os/pre_emptive_os.a(kernel.o)
 .debug_pubnames
                0x0000035d       0x76 pre_emptive_os/pre_emptive_os.a(prioqueue.o)
 .debug_pubnames
                0x000003d3       0x4d pre_emptive_os/pre_emptive_os.a(count_sem.o)
 .debug_pubnames
                0x00000420       0x55 pre_emptive_os/pre_emptive_os.a(timer.o)
 .debug_pubnames
                0x00000475       0x4e pre_emptive_os/pre_emptive_os.a(stack_usage.o)
 .debug_pubnames
                0x000004c3       0xc1 pre_emptive_os/pre_emptive_os.a(a7hal.o)
 .debug_pubnames
                0x00000584       0x63 pre_emptive_os/pre_emptive_os.a(event.o)

.debug_info     0x00000000     0xc4d0
 *(.debug_info .gnu.linkonce.wi.*)
 .debug_info    0x00000000      0x275 main.o
 .debug_info    0x00000275      0x612 lcd.o
 .debug_info    0x00000887      0x1b1 startupDisplay.o
 .debug_info    0x00000a38      0x23f key.o
 .debug_info    0x00000c77      0x1fc select.o
 .debug_info    0x00000e73      0x4d2 tic-tac-toe.o
 .debug_info    0x00001345      0x4e5 uart.o
 .debug_info    0x0000182a      0xc8f bt.o
 .debug_info    0x000024b9      0x3e1 snake.o
 .debug_info    0x0000289a      0x62d exampleGame.o
 .debug_info    0x00002ec7      0xbc7 pong.o
 .debug_info    0x00003a8e      0x317 eeprom.o
 .debug_info    0x00003da5      0x5ce i2c.o
 .debug_info    0x00004373      0x2a9 hw.o
 .debug_info    0x0000461c      0x30f react.o
 .debug_info    0x0000492b      0x578 startup/libea_startup_thumb.a(consol.o)
 .debug_info    0x00004ea3      0x1fe startup/libea_startup_thumb.a(framework.o)
 .debug_info    0x000050a1      0x359 irq_code/irqUart.a(irqUart.o)
 .debug_info    0x000053fa       0xee gcc_files/libm.a(s_cos.o)
 .debug_info    0x000054e8      0x1a0 gcc_files/libm.a(s_floor.o)
 .debug_info    0x00005688       0xee gcc_files/libm.a(s_sin.o)
 .debug_info    0x00005776      0x172 gcc_files/libm.a(w_sqrt.o)
 .debug_info    0x000058e8      0x390 gcc_files/libm.a(e_rem_pio2.o)
 .debug_info    0x00005c78      0x211 gcc_files/libm.a(e_sqrt.o)
 .debug_info    0x00005e89      0x20c gcc_files/libm.a(k_cos.o)
 .debug_info    0x00006095      0x2c0 gcc_files/libm.a(k_rem_pio2.o)
 .debug_info    0x00006355      0x18b gcc_files/libm.a(k_sin.o)
 .debug_info    0x000064e0      0x151 gcc_files/libm.a(s_fabs.o)
 .debug_info    0x00006631      0x147 gcc_files/libm.a(s_isnan.o)
 .debug_info    0x00006778       0xbe gcc_files/libm.a(s_lib_ver.o)
 .debug_info    0x00006836      0x125 gcc_files/libm.a(s_matherr.o)
 .debug_info    0x0000695b      0x1f4 gcc_files/libm.a(s_scalbn.o)
 .debug_info    0x00006b4f      0x14a gcc_files/libm.a(s_copysign.o)
 .debug_info    0x00006c99      0x5fe pre_emptive_os/pre_emptive_os.a(kernel.o)
 .debug_info    0x00007297      0x2e8 pre_emptive_os/pre_emptive_os.a(prioqueue.o)
 .debug_info    0x0000757f      0x32b pre_emptive_os/pre_emptive_os.a(count_sem.o)
 .debug_info    0x000078aa      0x4b8 pre_emptive_os/pre_emptive_os.a(timer.o)
 .debug_info    0x00007d62      0x2cf pre_emptive_os/pre_emptive_os.a(stack_usage.o)
 .debug_info    0x00008031      0x189 pre_emptive_os/pre_emptive_os.a(a7hal.o)
 .debug_info    0x000081ba      0x2ee pre_emptive_os/pre_emptive_os.a(event.o)
 .debug_info    0x000084a8       0xc4 c:/sysgcc/arm-elf/bin/../lib/gcc/arm-elf/4.6.3\libgcc.a(_thumb1_case_uqi.o)
 .debug_info    0x0000856c       0xc4 c:/sysgcc/arm-elf/bin/../lib/gcc/arm-elf/4.6.3\libgcc.a(_thumb1_case_uhi.o)
 .debug_info    0x00008630       0xc4 c:/sysgcc/arm-elf/bin/../lib/gcc/arm-elf/4.6.3\libgcc.a(_udivsi3.o)
 .debug_info    0x000086f4       0xc4 c:/sysgcc/arm-elf/bin/../lib/gcc/arm-elf/4.6.3\libgcc.a(_divsi3.o)
 .debug_info    0x000087b8       0xc4 c:/sysgcc/arm-elf/bin/../lib/gcc/arm-elf/4.6.3\libgcc.a(_umodsi3.o)
 .debug_info    0x0000887c       0xc4 c:/sysgcc/arm-elf/bin/../lib/gcc/arm-elf/4.6.3\libgcc.a(_modsi3.o)
 .debug_info    0x00008940       0xc4 c:/sysgcc/arm-elf/bin/../lib/gcc/arm-elf/4.6.3\libgcc.a(_dvmd_tls.o)
 .debug_info    0x00008a04       0xc4 c:/sysgcc/arm-elf/bin/../lib/gcc/arm-elf/4.6.3\libgcc.a(_call_via_rX.o)
 .debug_info    0x00008ac8       0xc3 c:/sysgcc/arm-elf/bin/../lib/gcc/arm-elf/4.6.3\libgcc.a(_arm_addsubdf3.o)
 .debug_info    0x00008b8b       0xc3 c:/sysgcc/arm-elf/bin/../lib/gcc/arm-elf/4.6.3\libgcc.a(_arm_muldivdf3.o)
 .debug_info    0x00008c4e       0xc3 c:/sysgcc/arm-elf/bin/../lib/gcc/arm-elf/4.6.3\libgcc.a(_arm_cmpdf2.o)
 .debug_info    0x00008d11       0xc3 c:/sysgcc/arm-elf/bin/../lib/gcc/arm-elf/4.6.3\libgcc.a(_arm_fixdfsi.o)
 .debug_info    0x00008dd4       0xc3 c:/sysgcc/arm-elf/bin/../lib/gcc/arm-elf/4.6.3\libgcc.a(_arm_fixunsdfsi.o)
 .debug_info    0x00008e97      0x988 c:/sysgcc/arm-elf/bin/../lib/gcc/arm-elf/4.6.3/../../../../arm-elf/lib\libc.a(lib_a-atoi.o)
 .debug_info    0x0000981f      0x955 c:/sysgcc/arm-elf/bin/../lib/gcc/arm-elf/4.6.3/../../../../arm-elf/lib\libc.a(lib_a-errno.o)
 .debug_info    0x0000a174      0x965 c:/sysgcc/arm-elf/bin/../lib/gcc/arm-elf/4.6.3/../../../../arm-elf/lib\libc.a(lib_a-impure.o)
 .debug_info    0x0000aad9      0x110 c:/sysgcc/arm-elf/bin/../lib/gcc/arm-elf/4.6.3/../../../../arm-elf/lib\libc.a(lib_a-memcmp.o)
 .debug_info    0x0000abe9      0x12e c:/sysgcc/arm-elf/bin/../lib/gcc/arm-elf/4.6.3/../../../../arm-elf/lib\libc.a(lib_a-memcpy-stub.o)
 .debug_info    0x0000ad17      0x976 c:/sysgcc/arm-elf/bin/../lib/gcc/arm-elf/4.6.3/../../../../arm-elf/lib\libc.a(lib_a-rand.o)
 .debug_info    0x0000b68d      0x111 c:/sysgcc/arm-elf/bin/../lib/gcc/arm-elf/4.6.3/../../../../arm-elf/lib\libc.a(lib_a-strchr.o)
 .debug_info    0x0000b79e       0xb9 c:/sysgcc/arm-elf/bin/../lib/gcc/arm-elf/4.6.3/../../../../arm-elf/lib\libc.a(lib_a-strcpy.o)
 .debug_info    0x0000b857       0xb1 c:/sysgcc/arm-elf/bin/../lib/gcc/arm-elf/4.6.3/../../../../arm-elf/lib\libc.a(lib_a-strlen.o)
 .debug_info    0x0000b908       0xf2 c:/sysgcc/arm-elf/bin/../lib/gcc/arm-elf/4.6.3/../../../../arm-elf/lib\libc.a(lib_a-strncmp.o)
 .debug_info    0x0000b9fa      0xa5d c:/sysgcc/arm-elf/bin/../lib/gcc/arm-elf/4.6.3/../../../../arm-elf/lib\libc.a(lib_a-strtol.o)
 .debug_info    0x0000c457       0x79 c:/sysgcc/arm-elf/bin/../lib/gcc/arm-elf/4.6.3/../../../../arm-elf/lib\libc.a(lib_a-ctype_.o)

.debug_abbrev   0x00000000     0x3da6
 *(.debug_abbrev)
 .debug_abbrev  0x00000000      0x185 main.o
 .debug_abbrev  0x00000185      0x1b2 lcd.o
 .debug_abbrev  0x00000337       0x94 startupDisplay.o
 .debug_abbrev  0x000003cb      0x113 key.o
 .debug_abbrev  0x000004de       0xe5 select.o
 .debug_abbrev  0x000005c3      0x21c tic-tac-toe.o
 .debug_abbrev  0x000007df      0x1a1 uart.o
 .debug_abbrev  0x00000980      0x2bc bt.o
 .debug_abbrev  0x00000c3c      0x1a2 snake.o
 .debug_abbrev  0x00000dde      0x29d exampleGame.o
 .debug_abbrev  0x0000107b      0x2d9 pong.o
 .debug_abbrev  0x00001354       0xf0 eeprom.o
 .debug_abbrev  0x00001444      0x203 i2c.o
 .debug_abbrev  0x00001647      0x13c hw.o
 .debug_abbrev  0x00001783      0x1ae react.o
 .debug_abbrev  0x00001931      0x243 startup/libea_startup_thumb.a(consol.o)
 .debug_abbrev  0x00001b74       0xc3 startup/libea_startup_thumb.a(framework.o)
 .debug_abbrev  0x00001c37      0x13e irq_code/irqUart.a(irqUart.o)
 .debug_abbrev  0x00001d75       0x8b gcc_files/libm.a(s_cos.o)
 .debug_abbrev  0x00001e00       0xe8 gcc_files/libm.a(s_floor.o)
 .debug_abbrev  0x00001ee8       0x8b gcc_files/libm.a(s_sin.o)
 .debug_abbrev  0x00001f73       0xc7 gcc_files/libm.a(w_sqrt.o)
 .debug_abbrev  0x0000203a      0x128 gcc_files/libm.a(e_rem_pio2.o)
 .debug_abbrev  0x00002162      0x104 gcc_files/libm.a(e_sqrt.o)
 .debug_abbrev  0x00002266       0xea gcc_files/libm.a(k_cos.o)
 .debug_abbrev  0x00002350       0xe6 gcc_files/libm.a(k_rem_pio2.o)
 .debug_abbrev  0x00002436       0x93 gcc_files/libm.a(k_sin.o)
 .debug_abbrev  0x000024c9       0xd0 gcc_files/libm.a(s_fabs.o)
 .debug_abbrev  0x00002599       0xd4 gcc_files/libm.a(s_isnan.o)
 .debug_abbrev  0x0000266d       0x5a gcc_files/libm.a(s_lib_ver.o)
 .debug_abbrev  0x000026c7       0x95 gcc_files/libm.a(s_matherr.o)
 .debug_abbrev  0x0000275c       0xe8 gcc_files/libm.a(s_scalbn.o)
 .debug_abbrev  0x00002844       0xc5 gcc_files/libm.a(s_copysign.o)
 .debug_abbrev  0x00002909      0x1b8 pre_emptive_os/pre_emptive_os.a(kernel.o)
 .debug_abbrev  0x00002ac1      0x11e pre_emptive_os/pre_emptive_os.a(prioqueue.o)
 .debug_abbrev  0x00002bdf      0x101 pre_emptive_os/pre_emptive_os.a(count_sem.o)
 .debug_abbrev  0x00002ce0      0x154 pre_emptive_os/pre_emptive_os.a(timer.o)
 .debug_abbrev  0x00002e34      0x170 pre_emptive_os/pre_emptive_os.a(stack_usage.o)
 .debug_abbrev  0x00002fa4       0xf2 pre_emptive_os/pre_emptive_os.a(a7hal.o)
 .debug_abbrev  0x00003096      0x103 pre_emptive_os/pre_emptive_os.a(event.o)
 .debug_abbrev  0x00003199       0x14 c:/sysgcc/arm-elf/bin/../lib/gcc/arm-elf/4.6.3\libgcc.a(_thumb1_case_uqi.o)
 .debug_abbrev  0x000031ad       0x14 c:/sysgcc/arm-elf/bin/../lib/gcc/arm-elf/4.6.3\libgcc.a(_thumb1_case_uhi.o)
 .debug_abbrev  0x000031c1       0x14 c:/sysgcc/arm-elf/bin/../lib/gcc/arm-elf/4.6.3\libgcc.a(_udivsi3.o)
 .debug_abbrev  0x000031d5       0x14 c:/sysgcc/arm-elf/bin/../lib/gcc/arm-elf/4.6.3\libgcc.a(_divsi3.o)
 .debug_abbrev  0x000031e9       0x14 c:/sysgcc/arm-elf/bin/../lib/gcc/arm-elf/4.6.3\libgcc.a(_umodsi3.o)
 .debug_abbrev  0x000031fd       0x14 c:/sysgcc/arm-elf/bin/../lib/gcc/arm-elf/4.6.3\libgcc.a(_modsi3.o)
 .debug_abbrev  0x00003211       0x14 c:/sysgcc/arm-elf/bin/../lib/gcc/arm-elf/4.6.3\libgcc.a(_dvmd_tls.o)
 .debug_abbrev  0x00003225       0x14 c:/sysgcc/arm-elf/bin/../lib/gcc/arm-elf/4.6.3\libgcc.a(_call_via_rX.o)
 .debug_abbrev  0x00003239       0x14 c:/sysgcc/arm-elf/bin/../lib/gcc/arm-elf/4.6.3\libgcc.a(_arm_addsubdf3.o)
 .debug_abbrev  0x0000324d       0x14 c:/sysgcc/arm-elf/bin/../lib/gcc/arm-elf/4.6.3\libgcc.a(_arm_muldivdf3.o)
 .debug_abbrev  0x00003261       0x14 c:/sysgcc/arm-elf/bin/../lib/gcc/arm-elf/4.6.3\libgcc.a(_arm_cmpdf2.o)
 .debug_abbrev  0x00003275       0x14 c:/sysgcc/arm-elf/bin/../lib/gcc/arm-elf/4.6.3\libgcc.a(_arm_fixdfsi.o)
 .debug_abbrev  0x00003289       0x14 c:/sysgcc/arm-elf/bin/../lib/gcc/arm-elf/4.6.3\libgcc.a(_arm_fixunsdfsi.o)
 .debug_abbrev  0x0000329d      0x185 c:/sysgcc/arm-elf/bin/../lib/gcc/arm-elf/4.6.3/../../../../arm-elf/lib\libc.a(lib_a-atoi.o)
 .debug_abbrev  0x00003422      0x16e c:/sysgcc/arm-elf/bin/../lib/gcc/arm-elf/4.6.3/../../../../arm-elf/lib\libc.a(lib_a-errno.o)
 .debug_abbrev  0x00003590      0x166 c:/sysgcc/arm-elf/bin/../lib/gcc/arm-elf/4.6.3/../../../../arm-elf/lib\libc.a(lib_a-impure.o)
 .debug_abbrev  0x000036f6       0x7c c:/sysgcc/arm-elf/bin/../lib/gcc/arm-elf/4.6.3/../../../../arm-elf/lib\libc.a(lib_a-memcmp.o)
 .debug_abbrev  0x00003772       0xa8 c:/sysgcc/arm-elf/bin/../lib/gcc/arm-elf/4.6.3/../../../../arm-elf/lib\libc.a(lib_a-memcpy-stub.o)
 .debug_abbrev  0x0000381a      0x194 c:/sysgcc/arm-elf/bin/../lib/gcc/arm-elf/4.6.3/../../../../arm-elf/lib\libc.a(lib_a-rand.o)
 .debug_abbrev  0x000039ae       0x8f c:/sysgcc/arm-elf/bin/../lib/gcc/arm-elf/4.6.3/../../../../arm-elf/lib\libc.a(lib_a-strchr.o)
 .debug_abbrev  0x00003a3d       0x6f c:/sysgcc/arm-elf/bin/../lib/gcc/arm-elf/4.6.3/../../../../arm-elf/lib\libc.a(lib_a-strcpy.o)
 .debug_abbrev  0x00003aac       0x6d c:/sysgcc/arm-elf/bin/../lib/gcc/arm-elf/4.6.3/../../../../arm-elf/lib\libc.a(lib_a-strlen.o)
 .debug_abbrev  0x00003b19       0x7e c:/sysgcc/arm-elf/bin/../lib/gcc/arm-elf/4.6.3/../../../../arm-elf/lib\libc.a(lib_a-strncmp.o)
 .debug_abbrev  0x00003b97      0x1bd c:/sysgcc/arm-elf/bin/../lib/gcc/arm-elf/4.6.3/../../../../arm-elf/lib\libc.a(lib_a-strtol.o)
 .debug_abbrev  0x00003d54       0x52 c:/sysgcc/arm-elf/bin/../lib/gcc/arm-elf/4.6.3/../../../../arm-elf/lib\libc.a(lib_a-ctype_.o)

.debug_line     0x00000000     0x4ba5
 *(.debug_line)
 .debug_line    0x00000000      0x100 main.o
 .debug_line    0x00000100      0x238 lcd.o
 .debug_line    0x00000338      0x1f8 startupDisplay.o
 .debug_line    0x00000530       0xfb key.o
 .debug_line    0x0000062b       0xb4 select.o
 .debug_line    0x000006df      0x1d6 tic-tac-toe.o
 .debug_line    0x000008b5      0x12a uart.o
 .debug_line    0x000009df      0x439 bt.o
 .debug_line    0x00000e18      0x201 snake.o
 .debug_line    0x00001019      0x233 exampleGame.o
 .debug_line    0x0000124c      0x4b9 pong.o
 .debug_line    0x00001705      0x183 eeprom.o
 .debug_line    0x00001888      0x1be i2c.o
 .debug_line    0x00001a46      0x155 hw.o
 .debug_line    0x00001b9b      0x168 react.o
 .debug_line    0x00001d03      0x1d6 startup/libea_startup_thumb.a(consol.o)
 .debug_line    0x00001ed9       0xa6 startup/libea_startup_thumb.a(framework.o)
 .debug_line    0x00001f7f       0xfb irq_code/irqUart.a(irqUart.o)
 .debug_line    0x0000207a       0xc2 gcc_files/libm.a(s_cos.o)
 .debug_line    0x0000213c      0x12a gcc_files/libm.a(s_floor.o)
 .debug_line    0x00002266       0xc2 gcc_files/libm.a(s_sin.o)
 .debug_line    0x00002328       0xbf gcc_files/libm.a(w_sqrt.o)
 .debug_line    0x000023e7      0x17c gcc_files/libm.a(e_rem_pio2.o)
 .debug_line    0x00002563      0x166 gcc_files/libm.a(e_sqrt.o)
 .debug_line    0x000026c9      0x115 gcc_files/libm.a(k_cos.o)
 .debug_line    0x000027de      0x17d gcc_files/libm.a(k_rem_pio2.o)
 .debug_line    0x0000295b       0xbc gcc_files/libm.a(k_sin.o)
 .debug_line    0x00002a17       0xf3 gcc_files/libm.a(s_fabs.o)
 .debug_line    0x00002b0a       0xfb gcc_files/libm.a(s_isnan.o)
 .debug_line    0x00002c05       0x96 gcc_files/libm.a(s_lib_ver.o)
 .debug_line    0x00002c9b       0xa6 gcc_files/libm.a(s_matherr.o)
 .debug_line    0x00002d41       0xe1 gcc_files/libm.a(s_scalbn.o)
 .debug_line    0x00002e22       0xba gcc_files/libm.a(s_copysign.o)
 .debug_line    0x00002edc      0x177 pre_emptive_os/pre_emptive_os.a(kernel.o)
 .debug_line    0x00003053       0xbb pre_emptive_os/pre_emptive_os.a(prioqueue.o)
 .debug_line    0x0000310e       0xd9 pre_emptive_os/pre_emptive_os.a(count_sem.o)
 .debug_line    0x000031e7      0x109 pre_emptive_os/pre_emptive_os.a(timer.o)
 .debug_line    0x000032f0       0x97 pre_emptive_os/pre_emptive_os.a(stack_usage.o)
 .debug_line    0x00003387       0x8c pre_emptive_os/pre_emptive_os.a(a7hal.o)
 .debug_line    0x00003413       0xaf pre_emptive_os/pre_emptive_os.a(event.o)
 .debug_line    0x000034c2       0x72 c:/sysgcc/arm-elf/bin/../lib/gcc/arm-elf/4.6.3\libgcc.a(_thumb1_case_uqi.o)
 .debug_line    0x00003534       0x73 c:/sysgcc/arm-elf/bin/../lib/gcc/arm-elf/4.6.3\libgcc.a(_thumb1_case_uhi.o)
 .debug_line    0x000035a7       0x98 c:/sysgcc/arm-elf/bin/../lib/gcc/arm-elf/4.6.3\libgcc.a(_udivsi3.o)
 .debug_line    0x0000363f       0xa4 c:/sysgcc/arm-elf/bin/../lib/gcc/arm-elf/4.6.3\libgcc.a(_divsi3.o)
 .debug_line    0x000036e3       0x7f c:/sysgcc/arm-elf/bin/../lib/gcc/arm-elf/4.6.3\libgcc.a(_umodsi3.o)
 .debug_line    0x00003762       0x85 c:/sysgcc/arm-elf/bin/../lib/gcc/arm-elf/4.6.3\libgcc.a(_modsi3.o)
 .debug_line    0x000037e7       0x6a c:/sysgcc/arm-elf/bin/../lib/gcc/arm-elf/4.6.3\libgcc.a(_dvmd_tls.o)
 .debug_line    0x00003851       0x78 c:/sysgcc/arm-elf/bin/../lib/gcc/arm-elf/4.6.3\libgcc.a(_call_via_rX.o)
 .debug_line    0x000038c9      0x1f5 c:/sysgcc/arm-elf/bin/../lib/gcc/arm-elf/4.6.3\libgcc.a(_arm_addsubdf3.o)
 .debug_line    0x00003abe      0x206 c:/sysgcc/arm-elf/bin/../lib/gcc/arm-elf/4.6.3\libgcc.a(_arm_muldivdf3.o)
 .debug_line    0x00003cc4       0xfd c:/sysgcc/arm-elf/bin/../lib/gcc/arm-elf/4.6.3\libgcc.a(_arm_cmpdf2.o)
 .debug_line    0x00003dc1       0x7f c:/sysgcc/arm-elf/bin/../lib/gcc/arm-elf/4.6.3\libgcc.a(_arm_fixdfsi.o)
 .debug_line    0x00003e40       0x7d c:/sysgcc/arm-elf/bin/../lib/gcc/arm-elf/4.6.3\libgcc.a(_arm_fixunsdfsi.o)
 .debug_line    0x00003ebd      0x136 c:/sysgcc/arm-elf/bin/../lib/gcc/arm-elf/4.6.3/../../../../arm-elf/lib\libc.a(lib_a-atoi.o)
 .debug_line    0x00003ff3      0x101 c:/sysgcc/arm-elf/bin/../lib/gcc/arm-elf/4.6.3/../../../../arm-elf/lib\libc.a(lib_a-errno.o)
 .debug_line    0x000040f4       0xe6 c:/sysgcc/arm-elf/bin/../lib/gcc/arm-elf/4.6.3/../../../../arm-elf/lib\libc.a(lib_a-impure.o)
 .debug_line    0x000041da      0x123 c:/sysgcc/arm-elf/bin/../lib/gcc/arm-elf/4.6.3/../../../../arm-elf/lib\libc.a(lib_a-memcmp.o)
 .debug_line    0x000042fd      0x159 c:/sysgcc/arm-elf/bin/../lib/gcc/arm-elf/4.6.3/../../../../arm-elf/lib\libc.a(lib_a-memcpy-stub.o)
 .debug_line    0x00004456      0x136 c:/sysgcc/arm-elf/bin/../lib/gcc/arm-elf/4.6.3/../../../../arm-elf/lib\libc.a(lib_a-rand.o)
 .debug_line    0x0000458c      0x11a c:/sysgcc/arm-elf/bin/../lib/gcc/arm-elf/4.6.3/../../../../arm-elf/lib\libc.a(lib_a-strchr.o)
 .debug_line    0x000046a6       0xab c:/sysgcc/arm-elf/bin/../lib/gcc/arm-elf/4.6.3/../../../../arm-elf/lib\libc.a(lib_a-strcpy.o)
 .debug_line    0x00004751       0xe7 c:/sysgcc/arm-elf/bin/../lib/gcc/arm-elf/4.6.3/../../../../arm-elf/lib\libc.a(lib_a-strlen.o)
 .debug_line    0x00004838      0x14b c:/sysgcc/arm-elf/bin/../lib/gcc/arm-elf/4.6.3/../../../../arm-elf/lib\libc.a(lib_a-strncmp.o)
 .debug_line    0x00004983      0x1cc c:/sysgcc/arm-elf/bin/../lib/gcc/arm-elf/4.6.3/../../../../arm-elf/lib\libc.a(lib_a-strtol.o)
 .debug_line    0x00004b4f       0x56 c:/sysgcc/arm-elf/bin/../lib/gcc/arm-elf/4.6.3/../../../../arm-elf/lib\libc.a(lib_a-ctype_.o)

.debug_frame    0x00000000     0x1c04
 *(.debug_frame)
 .debug_frame   0x00000000       0xd0 main.o
 .debug_frame   0x000000d0      0x224 lcd.o
 .debug_frame   0x000002f4       0x38 startupDisplay.o
 .debug_frame   0x0000032c       0x8c key.o
 .debug_frame   0x000003b8       0x5c select.o
 .debug_frame   0x00000414      0x118 tic-tac-toe.o
 .debug_frame   0x0000052c      0x110 uart.o
 .debug_frame   0x0000063c      0x198 bt.o
 .debug_frame   0x000007d4       0xbc snake.o
 .debug_frame   0x00000890       0xd0 exampleGame.o
 .debug_frame   0x00000960      0x128 pong.o
 .debug_frame   0x00000a88       0xe8 eeprom.o
 .debug_frame   0x00000b70      0x180 i2c.o
 .debug_frame   0x00000cf0      0x100 hw.o
 .debug_frame   0x00000df0       0xe0 react.o
 .debug_frame   0x00000ed0      0x184 startup/libea_startup_thumb.a(consol.o)
 .debug_frame   0x00001054       0xf0 startup/libea_startup_thumb.a(framework.o)
 .debug_frame   0x00001144       0x5c irq_code/irqUart.a(irqUart.o)
 .debug_frame   0x000011a0       0x30 gcc_files/libm.a(s_cos.o)
 .debug_frame   0x000011d0       0x38 gcc_files/libm.a(s_floor.o)
 .debug_frame   0x00001208       0x30 gcc_files/libm.a(s_sin.o)
 .debug_frame   0x00001238       0x38 gcc_files/libm.a(w_sqrt.o)
 .debug_frame   0x00001270       0x3c gcc_files/libm.a(e_rem_pio2.o)
 .debug_frame   0x000012ac       0x3c gcc_files/libm.a(e_sqrt.o)
 .debug_frame   0x000012e8       0x38 gcc_files/libm.a(k_cos.o)
 .debug_frame   0x00001320       0x40 gcc_files/libm.a(k_rem_pio2.o)
 .debug_frame   0x00001360       0x30 gcc_files/libm.a(k_sin.o)
 .debug_frame   0x00001390       0x28 gcc_files/libm.a(s_fabs.o)
 .debug_frame   0x000013b8       0x28 gcc_files/libm.a(s_isnan.o)
 .debug_frame   0x000013e0       0x20 gcc_files/libm.a(s_matherr.o)
 .debug_frame   0x00001400       0x34 gcc_files/libm.a(s_scalbn.o)
 .debug_frame   0x00001434       0x2c gcc_files/libm.a(s_copysign.o)
 .debug_frame   0x00001460      0x1e8 pre_emptive_os/pre_emptive_os.a(kernel.o)
 .debug_frame   0x00001648       0x8c pre_emptive_os/pre_emptive_os.a(prioqueue.o)
 .debug_frame   0x000016d4       0x84 pre_emptive_os/pre_emptive_os.a(count_sem.o)
 .debug_frame   0x00001758       0xb8 pre_emptive_os/pre_emptive_os.a(timer.o)
 .debug_frame   0x00001810       0x58 pre_emptive_os/pre_emptive_os.a(stack_usage.o)
 .debug_frame   0x00001868       0xa0 pre_emptive_os/pre_emptive_os.a(a7hal.o)
 .debug_frame   0x00001908       0x94 pre_emptive_os/pre_emptive_os.a(event.o)
 .debug_frame   0x0000199c       0x28 c:/sysgcc/arm-elf/bin/../lib/gcc/arm-elf/4.6.3\libgcc.a(_udivsi3.o)
 .debug_frame   0x000019c4       0x28 c:/sysgcc/arm-elf/bin/../lib/gcc/arm-elf/4.6.3\libgcc.a(_divsi3.o)
 .debug_frame   0x000019ec       0x28 c:/sysgcc/arm-elf/bin/../lib/gcc/arm-elf/4.6.3\libgcc.a(_umodsi3.o)
 .debug_frame   0x00001a14       0x28 c:/sysgcc/arm-elf/bin/../lib/gcc/arm-elf/4.6.3\libgcc.a(_modsi3.o)
 .debug_frame   0x00001a3c       0x30 c:/sysgcc/arm-elf/bin/../lib/gcc/arm-elf/4.6.3/../../../../arm-elf/lib\libc.a(lib_a-atoi.o)
 .debug_frame   0x00001a6c       0x20 c:/sysgcc/arm-elf/bin/../lib/gcc/arm-elf/4.6.3/../../../../arm-elf/lib\libc.a(lib_a-errno.o)
 .debug_frame   0x00001a8c       0x28 c:/sysgcc/arm-elf/bin/../lib/gcc/arm-elf/4.6.3/../../../../arm-elf/lib\libc.a(lib_a-memcmp.o)
 .debug_frame   0x00001ab4       0x2c c:/sysgcc/arm-elf/bin/../lib/gcc/arm-elf/4.6.3/../../../../arm-elf/lib\libc.a(lib_a-memcpy-stub.o)
 .debug_frame   0x00001ae0       0x38 c:/sysgcc/arm-elf/bin/../lib/gcc/arm-elf/4.6.3/../../../../arm-elf/lib\libc.a(lib_a-rand.o)
 .debug_frame   0x00001b18       0x30 c:/sysgcc/arm-elf/bin/../lib/gcc/arm-elf/4.6.3/../../../../arm-elf/lib\libc.a(lib_a-strchr.o)
 .debug_frame   0x00001b48       0x20 c:/sysgcc/arm-elf/bin/../lib/gcc/arm-elf/4.6.3/../../../../arm-elf/lib\libc.a(lib_a-strcpy.o)
 .debug_frame   0x00001b68       0x20 c:/sysgcc/arm-elf/bin/../lib/gcc/arm-elf/4.6.3/../../../../arm-elf/lib\libc.a(lib_a-strlen.o)
 .debug_frame   0x00001b88       0x2c c:/sysgcc/arm-elf/bin/../lib/gcc/arm-elf/4.6.3/../../../../arm-elf/lib\libc.a(lib_a-strncmp.o)
 .debug_frame   0x00001bb4       0x50 c:/sysgcc/arm-elf/bin/../lib/gcc/arm-elf/4.6.3/../../../../arm-elf/lib\libc.a(lib_a-strtol.o)

.debug_str      0x00000000     0x2925
 *(.debug_str)
 .debug_str     0x00000000      0x11e main.o
                                0x157 (size before relaxing)
 .debug_str     0x0000011e      0x17e lcd.o
                                0x1f0 (size before relaxing)
 .debug_str     0x0000029c       0x86 startupDisplay.o
                                0x152 (size before relaxing)
 .debug_str     0x00000322      0x102 key.o
                                0x19b (size before relaxing)
 .debug_str     0x00000424       0x98 select.o
                                0x193 (size before relaxing)
 .debug_str     0x000004bc       0xda tic-tac-toe.o
                                0x24e (size before relaxing)
 .debug_str     0x00000596      0x219 uart.o
                                0x2d1 (size before relaxing)
 .debug_str     0x000007af      0x209 bt.o
                                0x488 (size before relaxing)
 .debug_str     0x000009b8       0x9c snake.o
                                0x21a (size before relaxing)
 .debug_str     0x00000a54       0xdc exampleGame.o
                                0x265 (size before relaxing)
 .debug_str     0x00000b30      0x217 pong.o
                                0x443 (size before relaxing)
 .debug_str     0x00000d47       0x82 eeprom.o
                                0x118 (size before relaxing)
 .debug_str     0x00000dc9       0xb1 i2c.o
                                0x262 (size before relaxing)
 .debug_str     0x00000e7a       0xf7 hw.o
                                0x1a6 (size before relaxing)
 .debug_str     0x00000f71       0xb3 react.o
                                0x1d5 (size before relaxing)
 .debug_str     0x00001024      0x198 startup/libea_startup_thumb.a(consol.o)
                                0x264 (size before relaxing)
 .debug_str     0x000011bc       0xd8 startup/libea_startup_thumb.a(framework.o)
                                0x13d (size before relaxing)
 .debug_str     0x00001294       0x8c irq_code/irqUart.a(irqUart.o)
                                0x26d (size before relaxing)
 .debug_str     0x00001320       0x93 gcc_files/libm.a(s_cos.o)
                                0x11d (size before relaxing)
 .debug_str     0x000013b3       0x7b gcc_files/libm.a(s_floor.o)
                                0x162 (size before relaxing)
 .debug_str     0x0000142e       0x3c gcc_files/libm.a(s_sin.o)
                                0x11d (size before relaxing)
 .debug_str     0x0000146a       0xb8 gcc_files/libm.a(w_sqrt.o)
                                0x199 (size before relaxing)
 .debug_str     0x00001522       0xc7 gcc_files/libm.a(e_rem_pio2.o)
                                0x1d6 (size before relaxing)
 .debug_str     0x000015e9       0x51 gcc_files/libm.a(e_sqrt.o)
                                0x16f (size before relaxing)
 .debug_str     0x0000163a       0x49 gcc_files/libm.a(k_cos.o)
                                0x15d (size before relaxing)
 .debug_str     0x00001683       0x82 gcc_files/libm.a(k_rem_pio2.o)
                                0x16e (size before relaxing)
 .debug_str     0x00001705       0x49 gcc_files/libm.a(k_sin.o)
                                0x12f (size before relaxing)
 .debug_str     0x0000174e       0x42 gcc_files/libm.a(s_fabs.o)
                                0x156 (size before relaxing)
 .debug_str     0x00001790       0x44 gcc_files/libm.a(s_isnan.o)
                                0x158 (size before relaxing)
 .debug_str     0x000017d4       0x85 gcc_files/libm.a(s_lib_ver.o)
                                0x176 (size before relaxing)
 .debug_str     0x00001859       0x4a gcc_files/libm.a(s_matherr.o)
                                0x148 (size before relaxing)
 .debug_str     0x000018a3       0x55 gcc_files/libm.a(s_scalbn.o)
                                0x17a (size before relaxing)
 .debug_str     0x000018f8       0x4c gcc_files/libm.a(s_copysign.o)
                                0x158 (size before relaxing)
 .debug_str     0x00001944      0x220 pre_emptive_os/pre_emptive_os.a(kernel.o)
                                0x359 (size before relaxing)
 .debug_str     0x00001b64       0x7d pre_emptive_os/pre_emptive_os.a(prioqueue.o)
                                0x241 (size before relaxing)
 .debug_str     0x00001be1       0x51 pre_emptive_os/pre_emptive_os.a(count_sem.o)
                                0x256 (size before relaxing)
 .debug_str     0x00001c32       0xe2 pre_emptive_os/pre_emptive_os.a(timer.o)
                                0x2f2 (size before relaxing)
 .debug_str     0x00001d14       0x70 pre_emptive_os/pre_emptive_os.a(stack_usage.o)
                                0x226 (size before relaxing)
 .debug_str     0x00001d84      0x153 pre_emptive_os/pre_emptive_os.a(a7hal.o)
                                0x1d8 (size before relaxing)
 .debug_str     0x00001ed7       0x51 pre_emptive_os/pre_emptive_os.a(event.o)
                                0x260 (size before relaxing)
 .debug_str     0x00001f28      0x453 c:/sysgcc/arm-elf/bin/../lib/gcc/arm-elf/4.6.3/../../../../arm-elf/lib\libc.a(lib_a-atoi.o)
                                0x4fb (size before relaxing)
 .debug_str     0x0000237b       0xb1 c:/sysgcc/arm-elf/bin/../lib/gcc/arm-elf/4.6.3/../../../../arm-elf/lib\libc.a(lib_a-errno.o)
                                0x501 (size before relaxing)
 .debug_str     0x0000242c       0xc9 c:/sysgcc/arm-elf/bin/../lib/gcc/arm-elf/4.6.3/../../../../arm-elf/lib\libc.a(lib_a-impure.o)
                                0x519 (size before relaxing)
 .debug_str     0x000024f5       0xba c:/sysgcc/arm-elf/bin/../lib/gcc/arm-elf/4.6.3/../../../../arm-elf/lib\libc.a(lib_a-memcmp.o)
                                0x14f (size before relaxing)
 .debug_str     0x000025af       0xec c:/sysgcc/arm-elf/bin/../lib/gcc/arm-elf/4.6.3/../../../../arm-elf/lib\libc.a(lib_a-memcpy-stub.o)
                                0x188 (size before relaxing)
 .debug_str     0x0000269b       0x3d c:/sysgcc/arm-elf/bin/../lib/gcc/arm-elf/4.6.3/../../../../arm-elf/lib\libc.a(lib_a-rand.o)
                                0x50a (size before relaxing)
 .debug_str     0x000026d8       0x52 c:/sysgcc/arm-elf/bin/../lib/gcc/arm-elf/4.6.3/../../../../arm-elf/lib\libc.a(lib_a-strchr.o)
                                0x15a (size before relaxing)
 .debug_str     0x0000272a       0x48 c:/sysgcc/arm-elf/bin/../lib/gcc/arm-elf/4.6.3/../../../../arm-elf/lib\libc.a(lib_a-strcpy.o)
                                0x155 (size before relaxing)
 .debug_str     0x00002772       0x48 c:/sysgcc/arm-elf/bin/../lib/gcc/arm-elf/4.6.3/../../../../arm-elf/lib\libc.a(lib_a-strlen.o)
                                0x15c (size before relaxing)
 .debug_str     0x000027ba       0x42 c:/sysgcc/arm-elf/bin/../lib/gcc/arm-elf/4.6.3/../../../../arm-elf/lib\libc.a(lib_a-strncmp.o)
                                0x151 (size before relaxing)
 .debug_str     0x000027fc       0x77 c:/sysgcc/arm-elf/bin/../lib/gcc/arm-elf/4.6.3/../../../../arm-elf/lib\libc.a(lib_a-strtol.o)
                                0x53f (size before relaxing)
 .debug_str     0x00002873       0xb2 c:/sysgcc/arm-elf/bin/../lib/gcc/arm-elf/4.6.3/../../../../arm-elf/lib\libc.a(lib_a-ctype_.o)
                                 0xe3 (size before relaxing)

.debug_loc      0x00000000     0x4cfe
 *(.debug_loc)
 .debug_loc     0x00000000      0x153 main.o
 .debug_loc     0x00000153      0x64e lcd.o
 .debug_loc     0x000007a1       0x80 startupDisplay.o
 .debug_loc     0x00000821      0x106 key.o
 .debug_loc     0x00000927       0x94 select.o
 .debug_loc     0x000009bb      0x507 tic-tac-toe.o
 .debug_loc     0x00000ec2      0x2a5 uart.o
 .debug_loc     0x00001167      0x835 bt.o
 .debug_loc     0x0000199c      0x212 snake.o
 .debug_loc     0x00001bae      0x346 exampleGame.o
 .debug_loc     0x00001ef4      0xac2 pong.o
 .debug_loc     0x000029b6      0x684 eeprom.o
 .debug_loc     0x0000303a      0x643 i2c.o
 .debug_loc     0x0000367d      0x1a6 hw.o
 .debug_loc     0x00003823      0x1ec react.o
 .debug_loc     0x00003a0f      0x6c1 startup/libea_startup_thumb.a(consol.o)
 .debug_loc     0x000040d0      0x260 startup/libea_startup_thumb.a(framework.o)
 .debug_loc     0x00004330      0x15b irq_code/irqUart.a(irqUart.o)
 .debug_loc     0x0000448b       0x39 c:/sysgcc/arm-elf/bin/../lib/gcc/arm-elf/4.6.3/../../../../arm-elf/lib\libc.a(lib_a-atoi.o)
 .debug_loc     0x000044c4       0xd3 c:/sysgcc/arm-elf/bin/../lib/gcc/arm-elf/4.6.3/../../../../arm-elf/lib\libc.a(lib_a-memcmp.o)
 .debug_loc     0x00004597      0x18d c:/sysgcc/arm-elf/bin/../lib/gcc/arm-elf/4.6.3/../../../../arm-elf/lib\libc.a(lib_a-memcpy-stub.o)
 .debug_loc     0x00004724       0x20 c:/sysgcc/arm-elf/bin/../lib/gcc/arm-elf/4.6.3/../../../../arm-elf/lib\libc.a(lib_a-rand.o)
 .debug_loc     0x00004744      0x160 c:/sysgcc/arm-elf/bin/../lib/gcc/arm-elf/4.6.3/../../../../arm-elf/lib\libc.a(lib_a-strchr.o)
 .debug_loc     0x000048a4       0x13 c:/sysgcc/arm-elf/bin/../lib/gcc/arm-elf/4.6.3/../../../../arm-elf/lib\libc.a(lib_a-strcpy.o)
 .debug_loc     0x000048b7       0x13 c:/sysgcc/arm-elf/bin/../lib/gcc/arm-elf/4.6.3/../../../../arm-elf/lib\libc.a(lib_a-strlen.o)
 .debug_loc     0x000048ca      0x12c c:/sysgcc/arm-elf/bin/../lib/gcc/arm-elf/4.6.3/../../../../arm-elf/lib\libc.a(lib_a-strncmp.o)
 .debug_loc     0x000049f6      0x308 c:/sysgcc/arm-elf/bin/../lib/gcc/arm-elf/4.6.3/../../../../arm-elf/lib\libc.a(lib_a-strtol.o)

.debug_macinfo
 *(.debug_macinfo)

.debug_weaknames
 *(.debug_weaknames)

.debug_funcnames
 *(.debug_funcnames)

.debug_typenames
 *(.debug_typenames)

.debug_varnames
 *(.debug_varnames)
OUTPUT(lpc2104_color_lcd_v1.9.elf elf32-littlearm)

.debug_ranges   0x00000000      0x300
 .debug_ranges  0x00000000       0x18 main.o
 .debug_ranges  0x00000018       0x30 tic-tac-toe.o
 .debug_ranges  0x00000048       0x98 bt.o
 .debug_ranges  0x000000e0       0x70 exampleGame.o
 .debug_ranges  0x00000150      0x130 pong.o
 .debug_ranges  0x00000280       0x20 gcc_files/libm.a(s_floor.o)
 .debug_ranges  0x000002a0       0x18 gcc_files/libm.a(e_rem_pio2.o)
 .debug_ranges  0x000002b8       0x18 gcc_files/libm.a(e_sqrt.o)
 .debug_ranges  0x000002d0       0x18 gcc_files/libm.a(k_cos.o)
 .debug_ranges  0x000002e8       0x18 gcc_files/libm.a(s_scalbn.o)

Cross Reference Table

Symbol                                            File
__adddf3                                          c:/sysgcc/arm-elf/bin/../lib/gcc/arm-elf/4.6.3\libgcc.a(_arm_addsubdf3.o)
                                                  gcc_files/libm.a(s_scalbn.o)
                                                  gcc_files/libm.a(k_sin.o)
                                                  gcc_files/libm.a(k_rem_pio2.o)
                                                  gcc_files/libm.a(k_cos.o)
                                                  gcc_files/libm.a(e_sqrt.o)
                                                  gcc_files/libm.a(e_rem_pio2.o)
                                                  gcc_files/libm.a(s_floor.o)
                                                  pong.o
__aeabi_cdcmpeq                                   c:/sysgcc/arm-elf/bin/../lib/gcc/arm-elf/4.6.3\libgcc.a(_arm_cmpdf2.o)
__aeabi_cdcmple                                   c:/sysgcc/arm-elf/bin/../lib/gcc/arm-elf/4.6.3\libgcc.a(_arm_cmpdf2.o)
__aeabi_cdrcmple                                  c:/sysgcc/arm-elf/bin/../lib/gcc/arm-elf/4.6.3\libgcc.a(_arm_cmpdf2.o)
__aeabi_d2iz                                      c:/sysgcc/arm-elf/bin/../lib/gcc/arm-elf/4.6.3\libgcc.a(_arm_fixdfsi.o)
__aeabi_d2uiz                                     c:/sysgcc/arm-elf/bin/../lib/gcc/arm-elf/4.6.3\libgcc.a(_arm_fixunsdfsi.o)
__aeabi_dadd                                      c:/sysgcc/arm-elf/bin/../lib/gcc/arm-elf/4.6.3\libgcc.a(_arm_addsubdf3.o)
__aeabi_dcmpeq                                    c:/sysgcc/arm-elf/bin/../lib/gcc/arm-elf/4.6.3\libgcc.a(_arm_cmpdf2.o)
__aeabi_dcmpge                                    c:/sysgcc/arm-elf/bin/../lib/gcc/arm-elf/4.6.3\libgcc.a(_arm_cmpdf2.o)
__aeabi_dcmpgt                                    c:/sysgcc/arm-elf/bin/../lib/gcc/arm-elf/4.6.3\libgcc.a(_arm_cmpdf2.o)
__aeabi_dcmple                                    c:/sysgcc/arm-elf/bin/../lib/gcc/arm-elf/4.6.3\libgcc.a(_arm_cmpdf2.o)
__aeabi_dcmplt                                    c:/sysgcc/arm-elf/bin/../lib/gcc/arm-elf/4.6.3\libgcc.a(_arm_cmpdf2.o)
__aeabi_ddiv                                      c:/sysgcc/arm-elf/bin/../lib/gcc/arm-elf/4.6.3\libgcc.a(_arm_muldivdf3.o)
__aeabi_dmul                                      c:/sysgcc/arm-elf/bin/../lib/gcc/arm-elf/4.6.3\libgcc.a(_arm_muldivdf3.o)
__aeabi_drsub                                     c:/sysgcc/arm-elf/bin/../lib/gcc/arm-elf/4.6.3\libgcc.a(_arm_addsubdf3.o)
__aeabi_dsub                                      c:/sysgcc/arm-elf/bin/../lib/gcc/arm-elf/4.6.3\libgcc.a(_arm_addsubdf3.o)
__aeabi_f2d                                       c:/sysgcc/arm-elf/bin/../lib/gcc/arm-elf/4.6.3\libgcc.a(_arm_addsubdf3.o)
__aeabi_i2d                                       c:/sysgcc/arm-elf/bin/../lib/gcc/arm-elf/4.6.3\libgcc.a(_arm_addsubdf3.o)
__aeabi_idiv                                      c:/sysgcc/arm-elf/bin/../lib/gcc/arm-elf/4.6.3\libgcc.a(_divsi3.o)
__aeabi_idivmod                                   c:/sysgcc/arm-elf/bin/../lib/gcc/arm-elf/4.6.3\libgcc.a(_divsi3.o)
__aeabi_l2d                                       c:/sysgcc/arm-elf/bin/../lib/gcc/arm-elf/4.6.3\libgcc.a(_arm_addsubdf3.o)
__aeabi_ui2d                                      c:/sysgcc/arm-elf/bin/../lib/gcc/arm-elf/4.6.3\libgcc.a(_arm_addsubdf3.o)
__aeabi_uidiv                                     c:/sysgcc/arm-elf/bin/../lib/gcc/arm-elf/4.6.3\libgcc.a(_udivsi3.o)
__aeabi_uidivmod                                  c:/sysgcc/arm-elf/bin/../lib/gcc/arm-elf/4.6.3\libgcc.a(_udivsi3.o)
__aeabi_ul2d                                      c:/sysgcc/arm-elf/bin/../lib/gcc/arm-elf/4.6.3\libgcc.a(_arm_addsubdf3.o)
__bss_end__                                       startup/libea_startup_thumb.a(startup.o)
__bss_start__                                     startup/libea_startup_thumb.a(startup.o)
__cmpdf2                                          c:/sysgcc/arm-elf/bin/../lib/gcc/arm-elf/4.6.3\libgcc.a(_arm_cmpdf2.o)
__ctype_ptr__                                     c:/sysgcc/arm-elf/bin/../lib/gcc/arm-elf/4.6.3/../../../../arm-elf/lib\libc.a(lib_a-ctype_.o)
                                                  c:/sysgcc/arm-elf/bin/../lib/gcc/arm-elf/4.6.3/../../../../arm-elf/lib\libc.a(lib_a-strtol.o)
__div0                                            c:/sysgcc/arm-elf/bin/../lib/gcc/arm-elf/4.6.3\libgcc.a(_dvmd_tls.o)
                                                  c:/sysgcc/arm-elf/bin/../lib/gcc/arm-elf/4.6.3\libgcc.a(_modsi3.o)
                                                  c:/sysgcc/arm-elf/bin/../lib/gcc/arm-elf/4.6.3\libgcc.a(_umodsi3.o)
                                                  c:/sysgcc/arm-elf/bin/../lib/gcc/arm-elf/4.6.3\libgcc.a(_divsi3.o)
                                                  c:/sysgcc/arm-elf/bin/../lib/gcc/arm-elf/4.6.3\libgcc.a(_udivsi3.o)
__divdf3                                          c:/sysgcc/arm-elf/bin/../lib/gcc/arm-elf/4.6.3\libgcc.a(_arm_muldivdf3.o)
                                                  gcc_files/libm.a(e_sqrt.o)
                                                  gcc_files/libm.a(w_sqrt.o)
                                                  pong.o
__divsi3                                          c:/sysgcc/arm-elf/bin/../lib/gcc/arm-elf/4.6.3\libgcc.a(_divsi3.o)
                                                  pre_emptive_os/pre_emptive_os.a(stack_usage.o)
                                                  gcc_files/libm.a(k_rem_pio2.o)
                                                  react.o
                                                  snake.o
__eqdf2                                           c:/sysgcc/arm-elf/bin/../lib/gcc/arm-elf/4.6.3\libgcc.a(_arm_cmpdf2.o)
                                                  gcc_files/libm.a(k_rem_pio2.o)
                                                  gcc_files/libm.a(e_rem_pio2.o)
__errno                                           c:/sysgcc/arm-elf/bin/../lib/gcc/arm-elf/4.6.3/../../../../arm-elf/lib\libc.a(lib_a-errno.o)
                                                  gcc_files/libm.a(w_sqrt.o)
__extendsfdf2                                     c:/sysgcc/arm-elf/bin/../lib/gcc/arm-elf/4.6.3\libgcc.a(_arm_addsubdf3.o)
__fdlib_version                                   gcc_files/libm.a(s_lib_ver.o)
                                                  gcc_files/libm.a(w_sqrt.o)
__fixdfsi                                         c:/sysgcc/arm-elf/bin/../lib/gcc/arm-elf/4.6.3\libgcc.a(_arm_fixdfsi.o)
                                                  gcc_files/libm.a(k_sin.o)
                                                  gcc_files/libm.a(k_rem_pio2.o)
                                                  gcc_files/libm.a(k_cos.o)
                                                  gcc_files/libm.a(e_rem_pio2.o)
__fixunsdfsi                                      c:/sysgcc/arm-elf/bin/../lib/gcc/arm-elf/4.6.3\libgcc.a(_arm_fixunsdfsi.o)
                                                  pong.o
__floatdidf                                       c:/sysgcc/arm-elf/bin/../lib/gcc/arm-elf/4.6.3\libgcc.a(_arm_addsubdf3.o)
__floatsidf                                       c:/sysgcc/arm-elf/bin/../lib/gcc/arm-elf/4.6.3\libgcc.a(_arm_addsubdf3.o)
                                                  gcc_files/libm.a(k_rem_pio2.o)
                                                  gcc_files/libm.a(e_rem_pio2.o)
                                                  pong.o
__floatundidf                                     c:/sysgcc/arm-elf/bin/../lib/gcc/arm-elf/4.6.3\libgcc.a(_arm_addsubdf3.o)
__floatunsidf                                     c:/sysgcc/arm-elf/bin/../lib/gcc/arm-elf/4.6.3\libgcc.a(_arm_addsubdf3.o)
                                                  pong.o
__gedf2                                           c:/sysgcc/arm-elf/bin/../lib/gcc/arm-elf/4.6.3\libgcc.a(_arm_cmpdf2.o)
                                                  gcc_files/libm.a(k_rem_pio2.o)
                                                  gcc_files/libm.a(e_sqrt.o)
                                                  pong.o